../Core/Src/main.c:92:6:HAL_I2S_RxHalfCpltCallback	16	static
../Core/Src/main.c:101:6:HAL_I2S_RxCpltCallback	16	static
../Core/Src/main.c:117:5:main	8	static
../Core/Src/main.c:181:6:SystemClock_Config	88	static
../Core/Src/main.c:233:6:PeriphCommonClock_Config	136	static
../Core/Src/main.c:256:13:MX_I2C1_Init	8	static
../Core/Src/main.c:304:13:MX_I2S1_Init	8	static
../Core/Src/main.c:337:13:MX_I2S2_Init	8	static
../Core/Src/main.c:368:13:MX_DMA_Init	16	static
../Core/Src/main.c:390:13:MX_GPIO_Init	48	static
../Core/Src/main.c:447:6:HAL_GPIO_EXTI_Callback	16	static
../Core/Src/main.c:472:6:Error_Handler	4	static,ignoring_inline_asm
