../Core/Src/main.c:83:6:HAL_I2S_RxHalfCpltCallback	16	static
../Core/Src/main.c:92:6:HAL_I2S_RxCpltCallback	16	static
../Core/Src/main.c:108:5:main	16	static
../Core/Src/main.c:163:6:SystemClock_Config	88	static
../Core/Src/main.c:215:6:PeriphCommonClock_Config	136	static
../Core/Src/main.c:238:13:MX_I2C1_Init	8	static
../Core/Src/main.c:286:13:MX_I2S1_Init	8	static
../Core/Src/main.c:319:13:MX_I2S2_Init	8	static
../Core/Src/main.c:350:13:MX_DMA_Init	16	static
../Core/Src/main.c:372:13:MX_GPIO_Init	48	static
../Core/Src/main.c:429:6:HAL_GPIO_EXTI_Callback	16	static
../Core/Src/main.c:454:6:Error_Handler	4	static,ignoring_inline_asm
