Archive member included to satisfy reference by file (symbol)

C:/ST/STM32CubeIDE_1.14.1/STM32CubeIDE/plugins/com.st.stm32cube.ide.mcu.externaltools.gnu-tools-for-stm32.11.3.rel1.win32_1.1.100.202309141235/tools/bin/../lib/gcc/arm-none-eabi/11.3.1/../../../../arm-none-eabi/lib/thumb/v7e-m+fp/hard\libc_nano.a(libc_a-calloc.o)
                              ./Core/Inc/Filters/FilterUtility/CircularBuffer.o (calloc)
C:/ST/STM32CubeIDE_1.14.1/STM32CubeIDE/plugins/com.st.stm32cube.ide.mcu.externaltools.gnu-tools-for-stm32.11.3.rel1.win32_1.1.100.202309141235/tools/bin/../lib/gcc/arm-none-eabi/11.3.1/../../../../arm-none-eabi/lib/thumb/v7e-m+fp/hard\libc_nano.a(libc_a-callocr.o)
                              C:/ST/STM32CubeIDE_1.14.1/STM32CubeIDE/plugins/com.st.stm32cube.ide.mcu.externaltools.gnu-tools-for-stm32.11.3.rel1.win32_1.1.100.202309141235/tools/bin/../lib/gcc/arm-none-eabi/11.3.1/../../../../arm-none-eabi/lib/thumb/v7e-m+fp/hard\libc_nano.a(libc_a-calloc.o) (_calloc_r)
C:/ST/STM32CubeIDE_1.14.1/STM32CubeIDE/plugins/com.st.stm32cube.ide.mcu.externaltools.gnu-tools-for-stm32.11.3.rel1.win32_1.1.100.202309141235/tools/bin/../lib/gcc/arm-none-eabi/11.3.1/../../../../arm-none-eabi/lib/thumb/v7e-m+fp/hard\libc_nano.a(libc_a-exit.o)
                              C:/ST/STM32CubeIDE_1.14.1/STM32CubeIDE/plugins/com.st.stm32cube.ide.mcu.externaltools.gnu-tools-for-stm32.11.3.rel1.win32_1.1.100.202309141235/tools/bin/../lib/gcc/arm-none-eabi/11.3.1/../../../../arm-none-eabi/lib/thumb/v7e-m+fp/hard/crt0.o (exit)
C:/ST/STM32CubeIDE_1.14.1/STM32CubeIDE/plugins/com.st.stm32cube.ide.mcu.externaltools.gnu-tools-for-stm32.11.3.rel1.win32_1.1.100.202309141235/tools/bin/../lib/gcc/arm-none-eabi/11.3.1/../../../../arm-none-eabi/lib/thumb/v7e-m+fp/hard\libc_nano.a(libc_a-malloc.o)
                              ./Core/Inc/DFT/DFT.o (malloc)
C:/ST/STM32CubeIDE_1.14.1/STM32CubeIDE/plugins/com.st.stm32cube.ide.mcu.externaltools.gnu-tools-for-stm32.11.3.rel1.win32_1.1.100.202309141235/tools/bin/../lib/gcc/arm-none-eabi/11.3.1/../../../../arm-none-eabi/lib/thumb/v7e-m+fp/hard\libc_nano.a(libc_a-mallocr.o)
                              C:/ST/STM32CubeIDE_1.14.1/STM32CubeIDE/plugins/com.st.stm32cube.ide.mcu.externaltools.gnu-tools-for-stm32.11.3.rel1.win32_1.1.100.202309141235/tools/bin/../lib/gcc/arm-none-eabi/11.3.1/../../../../arm-none-eabi/lib/thumb/v7e-m+fp/hard\libc_nano.a(libc_a-callocr.o) (_malloc_r)
C:/ST/STM32CubeIDE_1.14.1/STM32CubeIDE/plugins/com.st.stm32cube.ide.mcu.externaltools.gnu-tools-for-stm32.11.3.rel1.win32_1.1.100.202309141235/tools/bin/../lib/gcc/arm-none-eabi/11.3.1/../../../../arm-none-eabi/lib/thumb/v7e-m+fp/hard\libc_nano.a(libc_a-mlock.o)
                              C:/ST/STM32CubeIDE_1.14.1/STM32CubeIDE/plugins/com.st.stm32cube.ide.mcu.externaltools.gnu-tools-for-stm32.11.3.rel1.win32_1.1.100.202309141235/tools/bin/../lib/gcc/arm-none-eabi/11.3.1/../../../../arm-none-eabi/lib/thumb/v7e-m+fp/hard\libc_nano.a(libc_a-mallocr.o) (__malloc_lock)
C:/ST/STM32CubeIDE_1.14.1/STM32CubeIDE/plugins/com.st.stm32cube.ide.mcu.externaltools.gnu-tools-for-stm32.11.3.rel1.win32_1.1.100.202309141235/tools/bin/../lib/gcc/arm-none-eabi/11.3.1/../../../../arm-none-eabi/lib/thumb/v7e-m+fp/hard\libc_nano.a(libc_a-findfp.o)
                              C:/ST/STM32CubeIDE_1.14.1/STM32CubeIDE/plugins/com.st.stm32cube.ide.mcu.externaltools.gnu-tools-for-stm32.11.3.rel1.win32_1.1.100.202309141235/tools/bin/../lib/gcc/arm-none-eabi/11.3.1/../../../../arm-none-eabi/lib/thumb/v7e-m+fp/hard\libc_nano.a(libc_a-exit.o) (__stdio_exit_handler)
C:/ST/STM32CubeIDE_1.14.1/STM32CubeIDE/plugins/com.st.stm32cube.ide.mcu.externaltools.gnu-tools-for-stm32.11.3.rel1.win32_1.1.100.202309141235/tools/bin/../lib/gcc/arm-none-eabi/11.3.1/../../../../arm-none-eabi/lib/thumb/v7e-m+fp/hard\libc_nano.a(libc_a-fwalk.o)
                              C:/ST/STM32CubeIDE_1.14.1/STM32CubeIDE/plugins/com.st.stm32cube.ide.mcu.externaltools.gnu-tools-for-stm32.11.3.rel1.win32_1.1.100.202309141235/tools/bin/../lib/gcc/arm-none-eabi/11.3.1/../../../../arm-none-eabi/lib/thumb/v7e-m+fp/hard\libc_nano.a(libc_a-findfp.o) (_fwalk_sglue)
C:/ST/STM32CubeIDE_1.14.1/STM32CubeIDE/plugins/com.st.stm32cube.ide.mcu.externaltools.gnu-tools-for-stm32.11.3.rel1.win32_1.1.100.202309141235/tools/bin/../lib/gcc/arm-none-eabi/11.3.1/../../../../arm-none-eabi/lib/thumb/v7e-m+fp/hard\libc_nano.a(libc_a-stdio.o)
                              C:/ST/STM32CubeIDE_1.14.1/STM32CubeIDE/plugins/com.st.stm32cube.ide.mcu.externaltools.gnu-tools-for-stm32.11.3.rel1.win32_1.1.100.202309141235/tools/bin/../lib/gcc/arm-none-eabi/11.3.1/../../../../arm-none-eabi/lib/thumb/v7e-m+fp/hard\libc_nano.a(libc_a-findfp.o) (__sread)
C:/ST/STM32CubeIDE_1.14.1/STM32CubeIDE/plugins/com.st.stm32cube.ide.mcu.externaltools.gnu-tools-for-stm32.11.3.rel1.win32_1.1.100.202309141235/tools/bin/../lib/gcc/arm-none-eabi/11.3.1/../../../../arm-none-eabi/lib/thumb/v7e-m+fp/hard\libc_nano.a(libc_a-memset.o)
[...]
Memory Configuration

Name             Origin             Length             Attributes
RAM              0x0000000020000000 0x0000000000040000 xrw
FLASH            0x0000000008000000 0x0000000000040000 xr
*default*        0x0000000000000000 0xffffffffffffffff

Linker script and memory map

LOAD C:/ST/STM32CubeIDE_1.14.1/STM32CubeIDE/plugins/com.st.stm32cube.ide.mcu.externaltools.gnu-tools-for-stm32.11.3.rel1.win32_1.1.100.202309141235/tools/bin/../lib/gcc/arm-none-eabi/11.3.1/thumb/v7e-m+fp/hard/crti.o
LOAD C:/ST/STM32CubeIDE_1.14.1/STM32CubeIDE/plugins/com.st.stm32cube.ide.mcu.externaltools.gnu-tools-for-stm32.11.3.rel1.win32_1.1.100.202309141235/tools/bin/../lib/gcc/arm-none-eabi/11.3.1/thumb/v7e-m+fp/hard/crtbegin.o
LOAD C:/ST/STM32CubeIDE_1.14.1/STM32CubeIDE/plugins/com.st.stm32cube.ide.mcu.externaltools.gnu-tools-for-stm32.11.3.rel1.win32_1.1.100.202309141235/tools/bin/../lib/gcc/arm-none-eabi/11.3.1/../../../../arm-none-eabi/lib/thumb/v7e-m+fp/hard/crt0.o
LOAD ./Core/Inc/Codec/CodecDriver.o
LOAD ./Core/Inc/DFT/DFT.o
LOAD ./Core/Inc/DSP/DSP.o
LOAD ./Core/Inc/Filters/AllPass.o
LOAD ./Core/Inc/Filters/CombFeedback.o
LOAD ./Core/Inc/Filters/CombFeedforward.o
LOAD ./Core/Inc/Filters/Filters.o
LOAD ./Core/Inc/Filters/Flanger.o
LOAD ./Core/Inc/Filters/Reverb.o
LOAD ./Core/Inc/Filters/FilterUtility/CircularBuffer.o
LOAD ./Core/Inc/Filters/FilterUtility/FilterUtility.o
LOAD ./Core/Inc/IO/IO.o
LOAD ./Core/Inc/IO/RotaryEncoder.o
LOAD ./Core/Inc/IO/ShiftRegister.o
LOAD ./Core/Inc/Math/Vector2.o
LOAD ./Core/Src/main.o
LOAD ./Core/Src/stm32f7xx_hal_msp.o
LOAD ./Core/Src/stm32f7xx_it.o
LOAD ./Core/Src/syscalls.o
LOAD ./Core/Src/sysmem.o
LOAD ./Core/Src/system_stm32f7xx.o
LOAD ./Core/Startup/startup_stm32f722rctx.o
LOAD ./Drivers/STM32F7xx_HAL_Driver/Src/stm32f7xx_hal.o
LOAD ./Drivers/STM32F7xx_HAL_Driver/Src/stm32f7xx_hal_cortex.o
LOAD ./Drivers/STM32F7xx_HAL_Driver/Src/stm32f7xx_hal_dma.o
LOAD ./Drivers/STM32F7xx_HAL_Driver/Src/stm32f7xx_hal_dma_ex.o
LOAD ./Drivers/STM32F7xx_HAL_Driver/Src/stm32f7xx_hal_exti.o
LOAD ./Drivers/STM32F7xx_HAL_Driver/Src/stm32f7xx_hal_flash.o
LOAD ./Drivers/STM32F7xx_HAL_Driver/Src/stm32f7xx_hal_flash_ex.o
LOAD ./Drivers/STM32F7xx_HAL_Driver/Src/stm32f7xx_hal_gpio.o
LOAD ./Drivers/STM32F7xx_HAL_Driver/Src/stm32f7xx_hal_i2c.o
LOAD ./Drivers/STM32F7xx_HAL_Driver/Src/stm32f7xx_hal_i2c_ex.o
LOAD ./Drivers/STM32F7xx_HAL_Driver/Src/stm32f7xx_hal_i2s.o
LOAD ./Drivers/STM32F7xx_HAL_Driver/Src/stm32f7xx_hal_pwr.o
LOAD ./Drivers/STM32F7xx_HAL_Driver/Src/stm32f7xx_hal_pwr_ex.o
LOAD ./Drivers/STM32F7xx_HAL_Driver/Src/stm32f7xx_hal_rcc.o
LOAD ./Drivers/STM32F7xx_HAL_Driver/Src/stm32f7xx_hal_rcc_ex.o
LOAD ./Drivers/STM32F7xx_HAL_Driver/Src/stm32f7xx_hal_tim.o
LOAD ./Drivers/STM32F7xx_HAL_Driver/Src/stm32f7xx_hal_tim_ex.o
START GROUP
LOAD C:/ST/STM32CubeIDE_1.14.1/STM32CubeIDE/plugins/com.st.stm32cube.ide.mcu.externaltools.gnu-tools-for-stm32.11.3.rel1.win32_1.1.100.202309141235/tools/bin/../lib/gcc/arm-none-eabi/11.3.1/../../../../arm-none-eabi/lib/thumb/v7e-m+fp/hard\libc_nano.a
LOAD C:/ST/STM32CubeIDE_1.14.1/STM32CubeIDE/plugins/com.st.stm32cube.ide.mcu.externaltools.gnu-tools-for-stm32.11.3.rel1.win32_1.1.100.202309141235/tools/bin/../lib/gcc/arm-none-eabi/11.3.1/../../../../arm-none-eabi/lib/thumb/v7e-m+fp/hard\libm.a
END GROUP
START GROUP
LOAD C:/ST/STM32CubeIDE_1.14.1/STM32CubeIDE/plugins/com.st.stm32cube.ide.mcu.externaltools.gnu-tools-for-stm32.11.3.rel1.win32_1.1.100.202309141235/tools/bin/../lib/gcc/arm-none-eabi/11.3.1/thumb/v7e-m+fp/hard\libgcc.a
LOAD C:/ST/STM32CubeIDE_1.14.1/STM32CubeIDE/plugins/com.st.stm32cube.ide.mcu.externaltools.gnu-tools-for-stm32.11.3.rel1.win32_1.1.100.202309141235/tools/bin/../lib/gcc/arm-none-eabi/11.3.1/../../../../arm-none-eabi/lib/thumb/v7e-m+fp/hard\libc_nano.a
END GROUP
START GROUP
LOAD C:/ST/STM32CubeIDE_1.14.1/STM32CubeIDE/plugins/com.st.stm32cube.ide.mcu.externaltools.gnu-tools-for-stm32.11.3.rel1.win32_1.1.100.202309141235/tools/bin/../lib/gcc/arm-none-eabi/11.3.1/thumb/v7e-m+fp/hard\libgcc.a
LOAD C:/ST/STM32CubeIDE_1.14.1/STM32CubeIDE/plugins/com.st.stm32cube.ide.mcu.externaltools.gnu-tools-for-stm32.11.3.rel1.win32_1.1.100.202309141235/tools/bin/../lib/gcc/arm-none-eabi/11.3.1/../../../../arm-none-eabi/lib/thumb/v7e-m+fp/hard\libc_nano.a
LOAD C:/ST/STM32CubeIDE_1.14.1/STM32CubeIDE/plugins/com.st.stm32cube.ide.mcu.externaltools.gnu-tools-for-stm32.11.3.rel1.win32_1.1.100.202309141235/tools/bin/../lib/gcc/arm-none-eabi/11.3.1/../../../../arm-none-eabi/lib/thumb/v7e-m+fp/hard\libnosys.a
END GROUP
START GROUP
LOAD C:/ST/STM32CubeIDE_1.14.1/STM32CubeIDE/plugins/com.st.stm32cube.ide.mcu.externaltools.gnu-tools-for-stm32.11.3.rel1.win32_1.1.100.202309141235/tools/bin/../lib/gcc/arm-none-eabi/11.3.1/thumb/v7e-m+fp/hard\libgcc.a
LOAD C:/ST/STM32CubeIDE_1.14.1/STM32CubeIDE/plugins/com.st.stm32cube.ide.mcu.externaltools.gnu-tools-for-stm32.11.3.rel1.win32_1.1.100.202309141235/tools/bin/../lib/gcc/arm-none-eabi/11.3.1/../../../../arm-none-eabi/lib/thumb/v7e-m+fp/hard\libc_nano.a
LOAD C:/ST/STM32CubeIDE_1.14.1/STM32CubeIDE/plugins/com.st.stm32cube.ide.mcu.externaltools.gnu-tools-for-stm32.11.3.rel1.win32_1.1.100.202309141235/tools/bin/../lib/gcc/arm-none-eabi/11.3.1/../../../../arm-none-eabi/lib/thumb/v7e-m+fp/hard\libnosys.a
END GROUP
LOAD C:/ST/STM32CubeIDE_1.14.1/STM32CubeIDE/plugins/com.st.stm32cube.ide.mcu.externaltools.gnu-tools-for-stm32.11.3.rel1.win32_1.1.100.202309141235/tools/bin/../lib/gcc/arm-none-eabi/11.3.1/thumb/v7e-m+fp/hard/crtend.o
LOAD C:/ST/STM32CubeIDE_1.14.1/STM32CubeIDE/plugins/com.st.stm32cube.ide.mcu.externaltools.gnu-tools-for-stm32.11.3.rel1.win32_1.1.100.202309141235/tools/bin/../lib/gcc/arm-none-eabi/11.3.1/thumb/v7e-m+fp/hard/crtn.o
                0x0000000020040000                _estack = (ORIGIN (RAM) + LENGTH (RAM))
                0x0000000000000200                _Min_Heap_Size = 0x200
                0x0000000000000400                _Min_Stack_Size = 0x400

.isr_vector     0x0000000008000000      0x1e0
                0x0000000008000000                . = ALIGN (0x4)
 *(.isr_vector)
 .isr_vector    0x0000000008000000      0x1e0 ./Core/Startup/startup_stm32f722rctx.o
                0x0000000008000000                g_pfnVectors
                0x00000000080001e0                . = ALIGN (0x4)

.text           0x00000000080001e0     0x6300
                0x00000000080001e0                . = ALIGN (0x4)
 *(.text)
 .text          0x00000000080001e0       0x40 C:/ST/STM32CubeIDE_1.14.1/STM32CubeIDE/plugins/com.st.stm32cube.ide.mcu.externaltools.gnu-tools-for-stm32.11.3.rel1.win32_1.1.100.202309141235/tools/bin/../lib/gcc/arm-none-eabi/11.3.1/thumb/v7e-m+fp/hard/crtbegin.o
 .text          0x0000000008000220      0x378 C:/ST/STM32CubeIDE_1.14.1/STM32CubeIDE/plugins/com.st.stm32cube.ide.mcu.externaltools.gnu-tools-for-stm32.11.3.rel1.win32_1.1.100.202309141235/tools/bin/../lib/gcc/arm-none-eabi/11.3.1/thumb/v7e-m+fp/hard\libgcc.a(_arm_addsubdf3.o)
                0x0000000008000220                __aeabi_drsub
                0x0000000008000228                __aeabi_dsub
                0x0000000008000228                __subdf3
                0x000000000800022c                __aeabi_dadd
                0x000000000800022c                __adddf3
                0x00000000080004a4                __floatunsidf
                0x00000000080004a4                __aeabi_ui2d
                0x00000000080004c4                __floatsidf
                0x00000000080004c4                __aeabi_i2d
                0x00000000080004e8                __aeabi_f2d
                0x00000000080004e8                __extendsfdf2
                0x000000000800052c                __floatundidf
                0x000000000800052c                __aeabi_ul2d
                0x000000000800053c                __floatdidf
                0x000000000800053c                __aeabi_l2d
 .text          0x0000000008000598      0x424 C:/ST/STM32CubeIDE_1.14.1/STM32CubeIDE/plugins/com.st.stm32cube.ide.mcu.externaltools.gnu-tools-for-stm32.11.3.rel1.win32_1.1.100.202309141235/tools/bin/../lib/gcc/arm-none-eabi/11.3.1/thumb/v7e-m+fp/hard\libgcc.a(_arm_muldivdf3.o)
                0x0000000008000598                __aeabi_dmul
                0x0000000008000598                __muldf3
                0x00000000080007ec                __divdf3
                0x00000000080007ec                __aeabi_ddiv
 .text          0x00000000080009bc      0x110 C:/ST/STM32CubeIDE_1.14.1/STM32CubeIDE/plugins/com.st.stm32cube.ide.mcu.externaltools.gnu-tools-for-stm32.11.3.rel1.win32_1.1.100.202309141235/tools/bin/../lib/gcc/arm-none-eabi/11.3.1/thumb/v7e-m+fp/hard\libgcc.a(_arm_cmpdf2.o)
                0x00000000080009bc                __gtdf2
                0x00000000080009bc                __gedf2
                0x00000000080009c4                __ltdf2
                0x00000000080009c4                __ledf2
                0x00000000080009cc                __nedf2
                0x00000000080009cc                __eqdf2
                0x00000000080009cc                __cmpdf2
                0x0000000008000a48                __aeabi_cdrcmple
                0x0000000008000a58                __aeabi_cdcmpeq
                0x0000000008000a58                __aeabi_cdcmple
                0x0000000008000a68                __aeabi_dcmpeq
                0x0000000008000a7c                __aeabi_dcmplt
                0x0000000008000a90                __aeabi_dcmple
                0x0000000008000aa4                __aeabi_dcmpge
                0x0000000008000ab8                __aeabi_dcmpgt
 .text          0x0000000008000acc       0x50 C:/ST/STM32CubeIDE_1.14.1/STM32CubeIDE/plugins/com.st.stm32cube.ide.mcu.externaltools.gnu-tools-for-stm32.11.3.rel1.win32_1.1.100.202309141235/tools/bin/../lib/gcc/arm-none-eabi/11.3.1/thumb/v7e-m+fp/hard\libgcc.a(_arm_fixdfsi.o)
                0x0000000008000acc                __aeabi_d2iz
                0x0000000008000acc                __fixdfsi
 .text          0x0000000008000b1c       0x30 C:/ST/STM32CubeIDE_1.14.1/STM32CubeIDE/plugins/com.st.stm32cube.ide.mcu.externaltools.gnu-tools-for-stm32.11.3.rel1.win32_1.1.100.202309141235/tools/bin/../lib/gcc/arm-none-eabi/11.3.1/thumb/v7e-m+fp/hard\libgcc.a(_aeabi_uldivmod.o)
                0x0000000008000b1c                __aeabi_uldivmod
 .text          0x0000000008000b4c      0x2c8 C:/ST/STM32CubeIDE_1.14.1/STM32CubeIDE/plugins/com.st.stm32cube.ide.mcu.externaltools.gnu-tools-for-stm32.11.3.rel1.win32_1.1.100.202309141235/tools/bin/../lib/gcc/arm-none-eabi/11.3.1/thumb/v7e-m+fp/hard\libgcc.a(_udivmoddi4.o)
                0x0000000008000b4c                __udivmoddi4
 .text          0x0000000008000e14        0x4 C:/ST/STM32CubeIDE_1.14.1/STM32CubeIDE/plugins/com.st.stm32cube.ide.mcu.externaltools.gnu-tools-for-stm32.11.3.rel1.win32_1.1.100.202309141235/tools/bin/../lib/gcc/arm-none-eabi/11.3.1/thumb/v7e-m+fp/hard\libgcc.a(_dvmd_tls.o)
                0x0000000008000e14                __aeabi_idiv0
                0x0000000008000e14                __aeabi_ldiv0
 *(.text*)
 .text.CodecInit
                0x0000000008000e18      0x126 ./Core/Inc/Codec/CodecDriver.o
                0x0000000008000e18                CodecInit
 .text.ResetCodec
                0x0000000008000f3e       0x1a ./Core/Inc/Codec/CodecDriver.o
                0x0000000008000f3e                ResetCodec
 .text.WriteCodecRegister
                0x0000000008000f58       0x50 ./Core/Inc/Codec/CodecDriver.o
                0x0000000008000f58                WriteCodecRegister
 .text.InitDSP  0x0000000008000fa8       0x40 ./Core/Inc/DSP/DSP.o
                0x0000000008000fa8                InitDSP
 .text.DSPUpdate
                0x0000000008000fe8       0x80 ./Core/Inc/DSP/DSP.o
                0x0000000008000fe8                DSPUpdate
 .text.GetEnabledFilters
                0x0000000008001068       0x18 ./Core/Inc/DSP/DSP.o
                0x0000000008001068                GetEnabledFilters
 .text.HAL_I2S_RxHalfCpltCallback
                0x0000000008001080       0x3c ./Core/Inc/DSP/DSP.o
                0x0000000008001080                HAL_I2S_RxHalfCpltCallback
 .text.HAL_I2S_RxCpltCallback
                0x00000000080010bc       0x3c ./Core/Inc/DSP/DSP.o
                0x00000000080010bc                HAL_I2S_RxCpltCallback
 .text.initializeAllPass
                0x00000000080010f8       0x54 ./Core/Inc/Filters/AllPass.o
                0x00000000080010f8                initializeAllPass
 .text.allPassAppendSample
                0x000000000800114c       0x40 ./Core/Inc/Filters/AllPass.o
                0x000000000800114c                allPassAppendSample
 .text.initializeCombFeedback
                0x000000000800118c       0x5e ./Core/Inc/Filters/CombFeedback.o
                0x000000000800118c                initializeCombFeedback
 .text.combFeedbackAppendSample
                0x00000000080011ea       0x78 ./Core/Inc/Filters/CombFeedback.o
                0x00000000080011ea                combFeedbackAppendSample
 .text.initializeCombFeedforward
                0x0000000008001262       0x4a ./Core/Inc/Filters/CombFeedforward.o
                0x0000000008001262                initializeCombFeedforward
 .text.combFeedforwardAppendSample
                0x00000000080012ac       0x70 ./Core/Inc/Filters/CombFeedforward.o
                0x00000000080012ac                combFeedforwardAppendSample
 .text.initializeFilters
                0x000000000800131c       0xb4 ./Core/Inc/Filters/Filters.o
                0x000000000800131c                initializeFilters
 .text.appendSample
                0x00000000080013d0       0x70 ./Core/Inc/Filters/Filters.o
                0x00000000080013d0                appendSample
 .text.initializeFlanger
                0x0000000008001440       0x84 ./Core/Inc/Filters/Flanger.o
                0x0000000008001440                initializeFlanger
 *fill*         0x00000000080014c4        0x4 
 .text.flangerAppendSample
                0x00000000080014c8       0xec ./Core/Inc/Filters/Flanger.o
                0x00000000080014c8                flangerAppendSample
 .text.initializeReverb
                0x00000000080015b4       0xdc ./Core/Inc/Filters/Reverb.o
                0x00000000080015b4                initializeReverb
 .text.reverbAppendSample
                0x0000000008001690       0x8c ./Core/Inc/Filters/Reverb.o
                0x0000000008001690                reverbAppendSample
 .text.initializeCircularBuffer
                0x000000000800171c       0x38 ./Core/Inc/Filters/FilterUtility/CircularBuffer.o
                0x000000000800171c                initializeCircularBuffer
 .text.putValueInCircularBuffer
                0x0000000008001754       0x40 ./Core/Inc/Filters/FilterUtility/CircularBuffer.o
                0x0000000008001754                putValueInCircularBuffer
 .text.getValueInCircularBuffer
                0x0000000008001794       0x3c ./Core/Inc/Filters/FilterUtility/CircularBuffer.o
                0x0000000008001794                getValueInCircularBuffer
 .text.InitIO   0x00000000080017d0       0x24 ./Core/Inc/IO/IO.o
                0x00000000080017d0                InitIO
 .text.HandleSelectingFilter
                0x00000000080017f4       0x4c ./Core/Inc/IO/IO.o
                0x00000000080017f4                HandleSelectingFilter
 .text.HandleSelectingValue
                0x0000000008001840       0x38 ./Core/Inc/IO/IO.o
                0x0000000008001840                HandleSelectingValue
 .text.ButtonInterrupt
                0x0000000008001878       0x54 ./Core/Inc/IO/IO.o
                0x0000000008001878                ButtonInterrupt
 .text.RotaryEncoderInterrupt
                0x00000000080018cc       0x14 ./Core/Inc/IO/IO.o
                0x00000000080018cc                RotaryEncoderInterrupt
 .text.IOUpdate
                0x00000000080018e0       0x98 ./Core/Inc/IO/IO.o
                0x00000000080018e0                IOUpdate
 .text.rot_get_state
                0x0000000008001978       0x40 ./Core/Inc/IO/RotaryEncoder.o
                0x0000000008001978                rot_get_state
 .text.rot_intrupt
                0x00000000080019b8      0x11c ./Core/Inc/IO/RotaryEncoder.o
                0x00000000080019b8                rot_intrupt
 .text.ResetShiftRegister
                0x0000000008001ad4       0x18 ./Core/Inc/IO/ShiftRegister.o
                0x0000000008001ad4                ResetShiftRegister
 .text.LoadValueIntoShiftRegister
                0x0000000008001aec       0xa2 ./Core/Inc/IO/ShiftRegister.o
                0x0000000008001aec                LoadValueIntoShiftRegister
 *fill*         0x0000000008001b8e        0x2 
 .text.main     0x0000000008001b90       0x54 ./Core/Src/main.o
                0x0000000008001b90                main
 .text.SystemClock_Config
                0x0000000008001be4       0xdc ./Core/Src/main.o
                0x0000000008001be4                SystemClock_Config
 .text.PeriphCommonClock_Config
                0x0000000008001cc0       0x44 ./Core/Src/main.o
                0x0000000008001cc0                PeriphCommonClock_Config
 .text.MX_I2C1_Init
                0x0000000008001d04       0x80 ./Core/Src/main.o
 .text.MX_I2S1_Init
                0x0000000008001d84       0x58 ./Core/Src/main.o
 .text.MX_I2S2_Init
                0x0000000008001ddc       0x54 ./Core/Src/main.o
 .text.MX_DMA_Init
                0x0000000008001e30       0x64 ./Core/Src/main.o
 .text.MX_GPIO_Init
                0x0000000008001e94      0x14c ./Core/Src/main.o
 .text.HAL_GPIO_EXTI_Callback
                0x0000000008001fe0       0x4c ./Core/Src/main.o
                0x0000000008001fe0                HAL_GPIO_EXTI_Callback
 .text.Error_Handler
                0x000000000800202c        0xa ./Core/Src/main.o
                0x000000000800202c                Error_Handler
 *fill*         0x0000000008002036        0x2 
 .text.HAL_MspInit
                0x0000000008002038       0x48 ./Core/Src/stm32f7xx_hal_msp.o
                0x0000000008002038                HAL_MspInit
 .text.HAL_I2C_MspInit
                0x0000000008002080       0xbc ./Core/Src/stm32f7xx_hal_msp.o
                0x0000000008002080                HAL_I2C_MspInit
 .text.HAL_I2S_MspInit
                0x000000000800213c      0x238 ./Core/Src/stm32f7xx_hal_msp.o
                0x000000000800213c                HAL_I2S_MspInit
 .text.NMI_Handler
                0x0000000008002374        0x6 ./Core/Src/stm32f7xx_it.o
                0x0000000008002374                NMI_Handler
 .text.HardFault_Handler
                0x000000000800237a        0x6 ./Core/Src/stm32f7xx_it.o
                0x000000000800237a                HardFault_Handler
 .text.MemManage_Handler
                0x0000000008002380        0x6 ./Core/Src/stm32f7xx_it.o
                0x0000000008002380                MemManage_Handler
 .text.BusFault_Handler
                0x0000000008002386        0x6 ./Core/Src/stm32f7xx_it.o
                0x0000000008002386                BusFault_Handler
 .text.UsageFault_Handler
                0x000000000800238c        0x6 ./Core/Src/stm32f7xx_it.o
                0x000000000800238c                UsageFault_Handler
 .text.SVC_Handler
                0x0000000008002392        0xe ./Core/Src/stm32f7xx_it.o
                0x0000000008002392                SVC_Handler
 .text.DebugMon_Handler
                0x00000000080023a0        0xe ./Core/Src/stm32f7xx_it.o
                0x00000000080023a0                DebugMon_Handler
 .text.PendSV_Handler
                0x00000000080023ae        0xe ./Core/Src/stm32f7xx_it.o
                0x00000000080023ae                PendSV_Handler
 .text.SysTick_Handler
                0x00000000080023bc        0xc ./Core/Src/stm32f7xx_it.o
                0x00000000080023bc                SysTick_Handler
 .text.DMA1_Stream3_IRQHandler
                0x00000000080023c8       0x14 ./Core/Src/stm32f7xx_it.o
                0x00000000080023c8                DMA1_Stream3_IRQHandler
 .text.EXTI9_5_IRQHandler
                0x00000000080023dc       0x1c ./Core/Src/stm32f7xx_it.o
                0x00000000080023dc                EXTI9_5_IRQHandler
 .text.DMA2_Stream3_IRQHandler
                0x00000000080023f8       0x14 ./Core/Src/stm32f7xx_it.o
                0x00000000080023f8                DMA2_Stream3_IRQHandler
 .text._sbrk    0x000000000800240c       0x6c ./Core/Src/sysmem.o
                0x000000000800240c                _sbrk
 .text.SystemInit
                0x0000000008002478       0x24 ./Core/Src/system_stm32f7xx.o
                0x0000000008002478                SystemInit
 .text.Reset_Handler
                0x000000000800249c       0x50 ./Core/Startup/startup_stm32f722rctx.o
                0x000000000800249c                Reset_Handler
 .text.Default_Handler
                0x00000000080024ec        0x2 ./Core/Startup/startup_stm32f722rctx.o
                0x00000000080024ec                RTC_Alarm_IRQHandler
                0x00000000080024ec                EXTI2_IRQHandler
                0x00000000080024ec                TIM8_CC_IRQHandler
                0x00000000080024ec                UART8_IRQHandler
                0x00000000080024ec                SPI4_IRQHandler
                0x00000000080024ec                TIM1_CC_IRQHandler
                0x00000000080024ec                DMA2_Stream5_IRQHandler
                0x00000000080024ec                DMA1_Stream5_IRQHandler
                0x00000000080024ec                PVD_IRQHandler
                0x00000000080024ec                TAMP_STAMP_IRQHandler
                0x00000000080024ec                EXTI3_IRQHandler
                0x00000000080024ec                TIM8_TRG_COM_TIM14_IRQHandler
                0x00000000080024ec                TIM1_UP_TIM10_IRQHandler
                0x00000000080024ec                TIM8_UP_TIM13_IRQHandler
                0x00000000080024ec                I2C3_ER_IRQHandler
                0x00000000080024ec                EXTI0_IRQHandler
                0x00000000080024ec                I2C2_EV_IRQHandler
                0x00000000080024ec                DMA1_Stream2_IRQHandler
                0x00000000080024ec                CAN1_RX0_IRQHandler
                0x00000000080024ec                FPU_IRQHandler
                0x00000000080024ec                OTG_HS_WKUP_IRQHandler
                0x00000000080024ec                DMA2_Stream2_IRQHandler
                0x00000000080024ec                SPI1_IRQHandler
                0x00000000080024ec                TIM6_DAC_IRQHandler
                0x00000000080024ec                TIM1_BRK_TIM9_IRQHandler
                0x00000000080024ec                SAI2_IRQHandler
                0x00000000080024ec                USART6_IRQHandler
                0x00000000080024ec                USART3_IRQHandler
                0x00000000080024ec                CAN1_RX1_IRQHandler
                0x00000000080024ec                UART5_IRQHandler
                0x00000000080024ec                DMA2_Stream0_IRQHandler
                0x00000000080024ec                TIM4_IRQHandler
                0x00000000080024ec                QUADSPI_IRQHandler
                0x00000000080024ec                I2C1_EV_IRQHandler
                0x00000000080024ec                DMA1_Stream6_IRQHandler
                0x00000000080024ec                DMA1_Stream1_IRQHandler
                0x00000000080024ec                UART4_IRQHandler
                0x00000000080024ec                TIM3_IRQHandler
                0x00000000080024ec                RCC_IRQHandler
                0x00000000080024ec                TIM8_BRK_TIM12_IRQHandler
                0x00000000080024ec                Default_Handler
                0x00000000080024ec                EXTI15_10_IRQHandler
                0x00000000080024ec                ADC_IRQHandler
                0x00000000080024ec                DMA1_Stream7_IRQHandler
                0x00000000080024ec                SPI5_IRQHandler
                0x00000000080024ec                TIM7_IRQHandler
                0x00000000080024ec                SDMMC1_IRQHandler
                0x00000000080024ec                TIM5_IRQHandler
                0x00000000080024ec                DMA2_Stream7_IRQHandler
                0x00000000080024ec                I2C3_EV_IRQHandler
                0x00000000080024ec                RTC_WKUP_IRQHandler
                0x00000000080024ec                SPI2_IRQHandler
                0x00000000080024ec                OTG_HS_EP1_IN_IRQHandler
                0x00000000080024ec                DMA1_Stream0_IRQHandler
                0x00000000080024ec                CAN1_TX_IRQHandler
                0x00000000080024ec                EXTI4_IRQHandler
                0x00000000080024ec                RNG_IRQHandler
                0x00000000080024ec                OTG_HS_EP1_OUT_IRQHandler
                0x00000000080024ec                WWDG_IRQHandler
                0x00000000080024ec                TIM2_IRQHandler
                0x00000000080024ec                OTG_FS_WKUP_IRQHandler
                0x00000000080024ec                TIM1_TRG_COM_TIM11_IRQHandler
                0x00000000080024ec                OTG_HS_IRQHandler
                0x00000000080024ec                EXTI1_IRQHandler
                0x00000000080024ec                SDMMC2_IRQHandler
                0x00000000080024ec                UART7_IRQHandler
                0x00000000080024ec                USART2_IRQHandler
                0x00000000080024ec                I2C2_ER_IRQHandler
                0x00000000080024ec                DMA2_Stream1_IRQHandler
                0x00000000080024ec                CAN1_SCE_IRQHandler
                0x00000000080024ec                FLASH_IRQHandler
                0x00000000080024ec                DMA2_Stream4_IRQHandler
                0x00000000080024ec                USART1_IRQHandler
                0x00000000080024ec                OTG_FS_IRQHandler
                0x00000000080024ec                SPI3_IRQHandler
                0x00000000080024ec                DMA1_Stream4_IRQHandler
                0x00000000080024ec                I2C1_ER_IRQHandler
                0x00000000080024ec                FMC_IRQHandler
                0x00000000080024ec                LPTIM1_IRQHandler
                0x00000000080024ec                DMA2_Stream6_IRQHandler
                0x00000000080024ec                SAI1_IRQHandler
 .text.HAL_Init
                0x00000000080024ee       0x1a ./Drivers/STM32F7xx_HAL_Driver/Src/stm32f7xx_hal.o
                0x00000000080024ee                HAL_Init
 .text.HAL_InitTick
                0x0000000008002508       0x60 ./Drivers/STM32F7xx_HAL_Driver/Src/stm32f7xx_hal.o
                0x0000000008002508                HAL_InitTick
 .text.HAL_IncTick
                0x0000000008002568       0x28 ./Drivers/STM32F7xx_HAL_Driver/Src/stm32f7xx_hal.o
                0x0000000008002568                HAL_IncTick
 .text.HAL_GetTick
                0x0000000008002590       0x18 ./Drivers/STM32F7xx_HAL_Driver/Src/stm32f7xx_hal.o
                0x0000000008002590                HAL_GetTick
 .text.HAL_Delay
                0x00000000080025a8       0x48 ./Drivers/STM32F7xx_HAL_Driver/Src/stm32f7xx_hal.o
                0x00000000080025a8                HAL_Delay
 .text.__NVIC_SetPriorityGrouping
                0x00000000080025f0       0x48 ./Drivers/STM32F7xx_HAL_Driver/Src/stm32f7xx_hal_cortex.o
 .text.__NVIC_GetPriorityGrouping
                0x0000000008002638       0x1c ./Drivers/STM32F7xx_HAL_Driver/Src/stm32f7xx_hal_cortex.o
 .text.__NVIC_EnableIRQ
                0x0000000008002654       0x3c ./Drivers/STM32F7xx_HAL_Driver/Src/stm32f7xx_hal_cortex.o
 .text.__NVIC_SetPriority
                0x0000000008002690       0x54 ./Drivers/STM32F7xx_HAL_Driver/Src/stm32f7xx_hal_cortex.o
 .text.NVIC_EncodePriority
                0x00000000080026e4       0x66 ./Drivers/STM32F7xx_HAL_Driver/Src/stm32f7xx_hal_cortex.o
 *fill*         0x000000000800274a        0x2 
 .text.SysTick_Config
                0x000000000800274c       0x44 ./Drivers/STM32F7xx_HAL_Driver/Src/stm32f7xx_hal_cortex.o
 .text.HAL_NVIC_SetPriorityGrouping
                0x0000000008002790       0x16 ./Drivers/STM32F7xx_HAL_Driver/Src/stm32f7xx_hal_cortex.o
                0x0000000008002790                HAL_NVIC_SetPriorityGrouping
 .text.HAL_NVIC_SetPriority
                0x00000000080027a6       0x38 ./Drivers/STM32F7xx_HAL_Driver/Src/stm32f7xx_hal_cortex.o
                0x00000000080027a6                HAL_NVIC_SetPriority
 .text.HAL_NVIC_EnableIRQ
                0x00000000080027de       0x1c ./Drivers/STM32F7xx_HAL_Driver/Src/stm32f7xx_hal_cortex.o
                0x00000000080027de                HAL_NVIC_EnableIRQ
 .text.HAL_SYSTICK_Config
                0x00000000080027fa       0x18 ./Drivers/STM32F7xx_HAL_Driver/Src/stm32f7xx_hal_cortex.o
                0x00000000080027fa                HAL_SYSTICK_Config
 *fill*         0x0000000008002812        0x2 
 .text.HAL_DMA_Init
                0x0000000008002814      0x15c ./Drivers/STM32F7xx_HAL_Driver/Src/stm32f7xx_hal_dma.o
                0x0000000008002814                HAL_DMA_Init
 .text.HAL_DMA_Start_IT
                0x0000000008002970       0xc0 ./Drivers/STM32F7xx_HAL_Driver/Src/stm32f7xx_hal_dma.o
                0x0000000008002970                HAL_DMA_Start_IT
 .text.HAL_DMA_IRQHandler
                0x0000000008002a30      0x314 ./Drivers/STM32F7xx_HAL_Driver/Src/stm32f7xx_hal_dma.o
                0x0000000008002a30                HAL_DMA_IRQHandler
 .text.DMA_SetConfig
                0x0000000008002d44       0x5c ./Drivers/STM32F7xx_HAL_Driver/Src/stm32f7xx_hal_dma.o
 .text.DMA_CalcBaseAndBitshift
                0x0000000008002da0       0x6c ./Drivers/STM32F7xx_HAL_Driver/Src/stm32f7xx_hal_dma.o
 .text.DMA_CheckFifoParam
                0x0000000008002e0c       0xf8 ./Drivers/STM32F7xx_HAL_Driver/Src/stm32f7xx_hal_dma.o
 .text.HAL_GPIO_Init
                0x0000000008002f04      0x338 ./Drivers/STM32F7xx_HAL_Driver/Src/stm32f7xx_hal_gpio.o
                0x0000000008002f04                HAL_GPIO_Init
 .text.HAL_GPIO_ReadPin
                0x000000000800323c       0x30 ./Drivers/STM32F7xx_HAL_Driver/Src/stm32f7xx_hal_gpio.o
                0x000000000800323c                HAL_GPIO_ReadPin
 .text.HAL_GPIO_WritePin
                0x000000000800326c       0x32 ./Drivers/STM32F7xx_HAL_Driver/Src/stm32f7xx_hal_gpio.o
                0x000000000800326c                HAL_GPIO_WritePin
 *fill*         0x000000000800329e        0x2 
 .text.HAL_GPIO_EXTI_IRQHandler
                0x00000000080032a0       0x30 ./Drivers/STM32F7xx_HAL_Driver/Src/stm32f7xx_hal_gpio.o
                0x00000000080032a0                HAL_GPIO_EXTI_IRQHandler
 .text.HAL_I2C_Init
                0x00000000080032d0      0x120 ./Drivers/STM32F7xx_HAL_Driver/Src/stm32f7xx_hal_i2c.o
                0x00000000080032d0                HAL_I2C_Init
 .text.HAL_I2C_Mem_Write
                0x00000000080033f0      0x228 ./Drivers/STM32F7xx_HAL_Driver/Src/stm32f7xx_hal_i2c.o
                0x00000000080033f0                HAL_I2C_Mem_Write
 .text.I2C_RequestMemoryWrite
                0x0000000008003618       0xa8 ./Drivers/STM32F7xx_HAL_Driver/Src/stm32f7xx_hal_i2c.o
 .text.I2C_Flush_TXDR
                0x00000000080036c0       0x48 ./Drivers/STM32F7xx_HAL_Driver/Src/stm32f7xx_hal_i2c.o
 .text.I2C_WaitOnFlagUntilTimeout
                0x0000000008003708       0x80 ./Drivers/STM32F7xx_HAL_Driver/Src/stm32f7xx_hal_i2c.o
 .text.I2C_WaitOnTXISFlagUntilTimeout
                0x0000000008003788       0x80 ./Drivers/STM32F7xx_HAL_Driver/Src/stm32f7xx_hal_i2c.o
 .text.I2C_WaitOnSTOPFlagUntilTimeout
                0x0000000008003808       0x78 ./Drivers/STM32F7xx_HAL_Driver/Src/stm32f7xx_hal_i2c.o
 .text.I2C_IsErrorOccurred
                0x0000000008003880      0x1c0 ./Drivers/STM32F7xx_HAL_Driver/Src/stm32f7xx_hal_i2c.o
 .text.I2C_TransferConfig
                0x0000000008003a40       0x64 ./Drivers/STM32F7xx_HAL_Driver/Src/stm32f7xx_hal_i2c.o
 .text.HAL_I2CEx_ConfigAnalogFilter
                0x0000000008003aa4       0x96 ./Drivers/STM32F7xx_HAL_Driver/Src/stm32f7xx_hal_i2c_ex.o
                0x0000000008003aa4                HAL_I2CEx_ConfigAnalogFilter
 .text.HAL_I2CEx_ConfigDigitalFilter
                0x0000000008003b3a       0x98 ./Drivers/STM32F7xx_HAL_Driver/Src/stm32f7xx_hal_i2c_ex.o
                0x0000000008003b3a                HAL_I2CEx_ConfigDigitalFilter
 *fill*         0x0000000008003bd2        0x2 
 .text.HAL_I2S_Init
                0x0000000008003bd4      0x1cc ./Drivers/STM32F7xx_HAL_Driver/Src/stm32f7xx_hal_i2s.o
                0x0000000008003bd4                HAL_I2S_Init
 .text.HAL_I2S_Transmit_DMA
                0x0000000008003da0      0x150 ./Drivers/STM32F7xx_HAL_Driver/Src/stm32f7xx_hal_i2s.o
                0x0000000008003da0                HAL_I2S_Transmit_DMA
 .text.HAL_I2S_Receive_DMA
                0x0000000008003ef0      0x178 ./Drivers/STM32F7xx_HAL_Driver/Src/stm32f7xx_hal_i2s.o
                0x0000000008003ef0                HAL_I2S_Receive_DMA
 .text.HAL_I2S_TxHalfCpltCallback
                0x0000000008004068       0x14 ./Drivers/STM32F7xx_HAL_Driver/Src/stm32f7xx_hal_i2s.o
                0x0000000008004068                HAL_I2S_TxHalfCpltCallback
 .text.HAL_I2S_TxCpltCallback
                0x000000000800407c       0x14 ./Drivers/STM32F7xx_HAL_Driver/Src/stm32f7xx_hal_i2s.o
                0x000000000800407c                HAL_I2S_TxCpltCallback
 .text.HAL_I2S_ErrorCallback
                0x0000000008004090       0x14 ./Drivers/STM32F7xx_HAL_Driver/Src/stm32f7xx_hal_i2s.o
                0x0000000008004090                HAL_I2S_ErrorCallback
 .text.I2S_GetClockFreq
                0x00000000080040a4       0x98 ./Drivers/STM32F7xx_HAL_Driver/Src/stm32f7xx_hal_i2s.o
 .text.I2S_DMATxCplt
                0x000000000800413c       0x42 ./Drivers/STM32F7xx_HAL_Driver/Src/stm32f7xx_hal_i2s.o
 .text.I2S_DMATxHalfCplt
                0x000000000800417e       0x1c ./Drivers/STM32F7xx_HAL_Driver/Src/stm32f7xx_hal_i2s.o
 .text.I2S_DMARxCplt
                0x000000000800419a       0x42 ./Drivers/STM32F7xx_HAL_Driver/Src/stm32f7xx_hal_i2s.o
 .text.I2S_DMARxHalfCplt
                0x00000000080041dc       0x1c ./Drivers/STM32F7xx_HAL_Driver/Src/stm32f7xx_hal_i2s.o
 .text.I2S_DMAError
                0x00000000080041f8       0x4c ./Drivers/STM32F7xx_HAL_Driver/Src/stm32f7xx_hal_i2s.o
 .text.HAL_PWREx_EnableOverDrive
                0x0000000008004244       0xa0 ./Drivers/STM32F7xx_HAL_Driver/Src/stm32f7xx_hal_pwr_ex.o
                0x0000000008004244                HAL_PWREx_EnableOverDrive
 .text.HAL_RCC_OscConfig
                0x00000000080042e4      0x548 ./Drivers/STM32F7xx_HAL_Driver/Src/stm32f7xx_hal_rcc.o
                0x00000000080042e4                HAL_RCC_OscConfig
 .text.HAL_RCC_ClockConfig
                0x000000000800482c      0x1d8 ./Drivers/STM32F7xx_HAL_Driver/Src/stm32f7xx_hal_rcc.o
                0x000000000800482c                HAL_RCC_ClockConfig
 .text.HAL_RCC_GetSysClockFreq
                0x0000000008004a04      0x18c ./Drivers/STM32F7xx_HAL_Driver/Src/stm32f7xx_hal_rcc.o
                0x0000000008004a04                HAL_RCC_GetSysClockFreq
 .text.HAL_RCCEx_PeriphCLKConfig
                0x0000000008004b90      0x694 ./Drivers/STM32F7xx_HAL_Driver/Src/stm32f7xx_hal_rcc_ex.o
                0x0000000008004b90                HAL_RCCEx_PeriphCLKConfig
 .text.calloc   0x0000000008005224       0x10 C:/ST/STM32CubeIDE_1.14.1/STM32CubeIDE/plugins/com.st.stm32cube.ide.mcu.externaltools.gnu-tools-for-stm32.11.3.rel1.win32_1.1.100.202309141235/tools/bin/../lib/gcc/arm-none-eabi/11.3.1/../../../../arm-none-eabi/lib/thumb/v7e-m+fp/hard\libc_nano.a(libc_a-calloc.o)
                0x0000000008005224                calloc
 .text._calloc_r
                0x0000000008005234       0x2c C:/ST/STM32CubeIDE_1.14.1/STM32CubeIDE/plugins/com.st.stm32cube.ide.mcu.externaltools.gnu-tools-for-stm32.11.3.rel1.win32_1.1.100.202309141235/tools/bin/../lib/gcc/arm-none-eabi/11.3.1/../../../../arm-none-eabi/lib/thumb/v7e-m+fp/hard\libc_nano.a(libc_a-callocr.o)
                0x0000000008005234                _calloc_r
 .text.malloc   0x0000000008005260       0x10 C:/ST/STM32CubeIDE_1.14.1/STM32CubeIDE/plugins/com.st.stm32cube.ide.mcu.externaltools.gnu-tools-for-stm32.11.3.rel1.win32_1.1.100.202309141235/tools/bin/../lib/gcc/arm-none-eabi/11.3.1/../../../../arm-none-eabi/lib/thumb/v7e-m+fp/hard\libc_nano.a(libc_a-malloc.o)
                0x0000000008005260                malloc
 .text.sbrk_aligned
                0x0000000008005270       0x40 C:/ST/STM32CubeIDE_1.14.1/STM32CubeIDE/plugins/com.st.stm32cube.ide.mcu.externaltools.gnu-tools-for-stm32.11.3.rel1.win32_1.1.100.202309141235/tools/bin/../lib/gcc/arm-none-eabi/11.3.1/../../../../arm-none-eabi/lib/thumb/v7e-m+fp/hard\libc_nano.a(libc_a-mallocr.o)
 .text._malloc_r
                0x00000000080052b0      0x100 C:/ST/STM32CubeIDE_1.14.1/STM32CubeIDE/plugins/com.st.stm32cube.ide.mcu.externaltools.gnu-tools-for-stm32.11.3.rel1.win32_1.1.100.202309141235/tools/bin/../lib/gcc/arm-none-eabi/11.3.1/../../../../arm-none-eabi/lib/thumb/v7e-m+fp/hard\libc_nano.a(libc_a-mallocr.o)
                0x00000000080052b0                _malloc_r
 .text.__malloc_lock
                0x00000000080053b0        0xc C:/ST/STM32CubeIDE_1.14.1/STM32CubeIDE/plugins/com.st.stm32cube.ide.mcu.externaltools.gnu-tools-for-stm32.11.3.rel1.win32_1.1.100.202309141235/tools/bin/../lib/gcc/arm-none-eabi/11.3.1/../../../../arm-none-eabi/lib/thumb/v7e-m+fp/hard\libc_nano.a(libc_a-mlock.o)
                0x00000000080053b0                __malloc_lock
 .text.__malloc_unlock
                0x00000000080053bc        0xc C:/ST/STM32CubeIDE_1.14.1/STM32CubeIDE/plugins/com.st.stm32cube.ide.mcu.externaltools.gnu-tools-for-stm32.11.3.rel1.win32_1.1.100.202309141235/tools/bin/../lib/gcc/arm-none-eabi/11.3.1/../../../../arm-none-eabi/lib/thumb/v7e-m+fp/hard\libc_nano.a(libc_a-mlock.o)
                0x00000000080053bc                __malloc_unlock
 .text.memset   0x00000000080053c8       0x10 C:/ST/STM32CubeIDE_1.14.1/STM32CubeIDE/plugins/com.st.stm32cube.ide.mcu.externaltools.gnu-tools-for-stm32.11.3.rel1.win32_1.1.100.202309141235/tools/bin/../lib/gcc/arm-none-eabi/11.3.1/../../../../arm-none-eabi/lib/thumb/v7e-m+fp/hard\libc_nano.a(libc_a-memset.o)
                0x00000000080053c8                memset
 .text._sbrk_r  0x00000000080053d8       0x20 C:/ST/STM32CubeIDE_1.14.1/STM32CubeIDE/plugins/com.st.stm32cube.ide.mcu.externaltools.gnu-tools-for-stm32.11.3.rel1.win32_1.1.100.202309141235/tools/bin/../lib/gcc/arm-none-eabi/11.3.1/../../../../arm-none-eabi/lib/thumb/v7e-m+fp/hard\libc_nano.a(libc_a-sbrkr.o)
                0x00000000080053d8                _sbrk_r
 .text.__errno  0x00000000080053f8        0xc C:/ST/STM32CubeIDE_1.14.1/STM32CubeIDE/plugins/com.st.stm32cube.ide.mcu.externaltools.gnu-tools-for-stm32.11.3.rel1.win32_1.1.100.202309141235/tools/bin/../lib/gcc/arm-none-eabi/11.3.1/../../../../arm-none-eabi/lib/thumb/v7e-m+fp/hard\libc_nano.a(libc_a-errno.o)
                0x00000000080053f8                __errno
 .text.__libc_init_array
                0x0000000008005404       0x48 C:/ST/STM32CubeIDE_1.14.1/STM32CubeIDE/plugins/com.st.stm32cube.ide.mcu.externaltools.gnu-tools-for-stm32.11.3.rel1.win32_1.1.100.202309141235/tools/bin/../lib/gcc/arm-none-eabi/11.3.1/../../../../arm-none-eabi/lib/thumb/v7e-m+fp/hard\libc_nano.a(libc_a-init.o)
                0x0000000008005404                __libc_init_array
 .text.__retarget_lock_acquire_recursive
                0x000000000800544c        0x2 C:/ST/STM32CubeIDE_1.14.1/STM32CubeIDE/plugins/com.st.stm32cube.ide.mcu.externaltools.gnu-tools-for-stm32.11.3.rel1.win32_1.1.100.202309141235/tools/bin/../lib/gcc/arm-none-eabi/11.3.1/../../../../arm-none-eabi/lib/thumb/v7e-m+fp/hard\libc_nano.a(libc_a-lock.o)
                0x000000000800544c                __retarget_lock_acquire_recursive
 .text.__retarget_lock_release_recursive
                0x000000000800544e        0x2 C:/ST/STM32CubeIDE_1.14.1/STM32CubeIDE/plugins/com.st.stm32cube.ide.mcu.externaltools.gnu-tools-for-stm32.11.3.rel1.win32_1.1.100.202309141235/tools/bin/../lib/gcc/arm-none-eabi/11.3.1/../../../../arm-none-eabi/lib/thumb/v7e-m+fp/hard\libc_nano.a(libc_a-lock.o)
                0x000000000800544e                __retarget_lock_release_recursive
 .text.cos      0x0000000008005450       0xa8 C:/ST/STM32CubeIDE_1.14.1/STM32CubeIDE/plugins/com.st.stm32cube.ide.mcu.externaltools.gnu-tools-for-stm32.11.3.rel1.win32_1.1.100.202309141235/tools/bin/../lib/gcc/arm-none-eabi/11.3.1/../../../../arm-none-eabi/lib/thumb/v7e-m+fp/hard\libm.a(libm_a-s_cos.o)
                0x0000000008005450                cos
 .text.__kernel_cos
                0x00000000080054f8      0x18c C:/ST/STM32CubeIDE_1.14.1/STM32CubeIDE/plugins/com.st.stm32cube.ide.mcu.externaltools.gnu-tools-for-stm32.11.3.rel1.win32_1.1.100.202309141235/tools/bin/../lib/gcc/arm-none-eabi/11.3.1/../../../../arm-none-eabi/lib/thumb/v7e-m+fp/hard\libm.a(libm_a-k_cos.o)
                0x00000000080054f8                __kernel_cos
 *fill*         0x0000000008005684        0x4 
 .text.__kernel_sin
                0x0000000008005688      0x17c C:/ST/STM32CubeIDE_1.14.1/STM32CubeIDE/plugins/com.st.stm32cube.ide.mcu.externaltools.gnu-tools-for-stm32.11.3.rel1.win32_1.1.100.202309141235/tools/bin/../lib/gcc/arm-none-eabi/11.3.1/../../../../arm-none-eabi/lib/thumb/v7e-m+fp/hard\libm.a(libm_a-k_sin.o)
                0x0000000008005688                __kernel_sin
 *fill*         0x0000000008005804        0x4 
 .text.__ieee754_rem_pio2
                0x0000000008005808      0x40c C:/ST/STM32CubeIDE_1.14.1/STM32CubeIDE/plugins/com.st.stm32cube.ide.mcu.externaltools.gnu-tools-for-stm32.11.3.rel1.win32_1.1.100.202309141235/tools/bin/../lib/gcc/arm-none-eabi/11.3.1/../../../../arm-none-eabi/lib/thumb/v7e-m+fp/hard\libm.a(libm_a-e_rem_pio2.o)
                0x0000000008005808                __ieee754_rem_pio2
 .text.fabs     0x0000000008005c14       0x12 C:/ST/STM32CubeIDE_1.14.1/STM32CubeIDE/plugins/com.st.stm32cube.ide.mcu.externaltools.gnu-tools-for-stm32.11.3.rel1.win32_1.1.100.202309141235/tools/bin/../lib/gcc/arm-none-eabi/11.3.1/../../../../arm-none-eabi/lib/thumb/v7e-m+fp/hard\libm.a(libm_a-s_fabs.o)
                0x0000000008005c14                fabs
 *fill*         0x0000000008005c26        0x2 
 .text.__kernel_rem_pio2
                0x0000000008005c28      0x69c C:/ST/STM32CubeIDE_1.14.1/STM32CubeIDE/plugins/com.st.stm32cube.ide.mcu.externaltools.gnu-tools-for-stm32.11.3.rel1.win32_1.1.100.202309141235/tools/bin/../lib/gcc/arm-none-eabi/11.3.1/../../../../arm-none-eabi/lib/thumb/v7e-m+fp/hard\libm.a(libm_a-k_rem_pio2.o)
                0x0000000008005c28                __kernel_rem_pio2
 *fill*         0x00000000080062c4        0x4 
 .text.scalbn   0x00000000080062c8       0xfc C:/ST/STM32CubeIDE_1.14.1/STM32CubeIDE/plugins/com.st.stm32cube.ide.mcu.externaltools.gnu-tools-for-stm32.11.3.rel1.win32_1.1.100.202309141235/tools/bin/../lib/gcc/arm-none-eabi/11.3.1/../../../../arm-none-eabi/lib/thumb/v7e-m+fp/hard\libm.a(libm_a-s_scalbn.o)
                0x00000000080062c8                scalbn
 *fill*         0x00000000080063c4        0x4 
 .text.floor    0x00000000080063c8      0x100 C:/ST/STM32CubeIDE_1.14.1/STM32CubeIDE/plugins/com.st.stm32cube.ide.mcu.externaltools.gnu-tools-for-stm32.11.3.rel1.win32_1.1.100.202309141235/tools/bin/../lib/gcc/arm-none-eabi/11.3.1/../../../../arm-none-eabi/lib/thumb/v7e-m+fp/hard\libm.a(libm_a-s_floor.o)
                0x00000000080063c8                floor
 *(.glue_7)
 .glue_7        0x00000000080064c8        0x0 linker stubs
 *(.glue_7t)
 .glue_7t       0x00000000080064c8        0x0 linker stubs
 *(.eh_frame)
 .eh_frame      0x00000000080064c8        0x0 C:/ST/STM32CubeIDE_1.14.1/STM32CubeIDE/plugins/com.st.stm32cube.ide.mcu.externaltools.gnu-tools-for-stm32.11.3.rel1.win32_1.1.100.202309141235/tools/bin/../lib/gcc/arm-none-eabi/11.3.1/thumb/v7e-m+fp/hard/crtbegin.o
 *(.init)
 .init          0x00000000080064c8        0x4 C:/ST/STM32CubeIDE_1.14.1/STM32CubeIDE/plugins/com.st.stm32cube.ide.mcu.externaltools.gnu-tools-for-stm32.11.3.rel1.win32_1.1.100.202309141235/tools/bin/../lib/gcc/arm-none-eabi/11.3.1/thumb/v7e-m+fp/hard/crti.o
                0x00000000080064c8                _init
 .init          0x00000000080064cc        0x8 C:/ST/STM32CubeIDE_1.14.1/STM32CubeIDE/plugins/com.st.stm32cube.ide.mcu.externaltools.gnu-tools-for-stm32.11.3.rel1.win32_1.1.100.202309141235/tools/bin/../lib/gcc/arm-none-eabi/11.3.1/thumb/v7e-m+fp/hard/crtn.o
 *(.fini)
 .fini          0x00000000080064d4        0x4 C:/ST/STM32CubeIDE_1.14.1/STM32CubeIDE/plugins/com.st.stm32cube.ide.mcu.externaltools.gnu-tools-for-stm32.11.3.rel1.win32_1.1.100.202309141235/tools/bin/../lib/gcc/arm-none-eabi/11.3.1/thumb/v7e-m+fp/hard/crti.o
                0x00000000080064d4                _fini
 .fini          0x00000000080064d8        0x8 C:/ST/STM32CubeIDE_1.14.1/STM32CubeIDE/plugins/com.st.stm32cube.ide.mcu.externaltools.gnu-tools-for-stm32.11.3.rel1.win32_1.1.100.202309141235/tools/bin/../lib/gcc/arm-none-eabi/11.3.1/thumb/v7e-m+fp/hard/crtn.o
                0x00000000080064e0                . = ALIGN (0x4)
                0x00000000080064e0                _etext = .

.vfp11_veneer   0x00000000080064e0        0x0
 .vfp11_veneer  0x00000000080064e0        0x0 linker stubs

.v4_bx          0x00000000080064e0        0x0
 .v4_bx         0x00000000080064e0        0x0 linker stubs

.iplt           0x00000000080064e0        0x0
 .iplt          0x00000000080064e0        0x0 C:/ST/STM32CubeIDE_1.14.1/STM32CubeIDE/plugins/com.st.stm32cube.ide.mcu.externaltools.gnu-tools-for-stm32.11.3.rel1.win32_1.1.100.202309141235/tools/bin/../lib/gcc/arm-none-eabi/11.3.1/thumb/v7e-m+fp/hard/crtbegin.o

.rodata         0x00000000080064e0      0x210
                0x00000000080064e0                . = ALIGN (0x4)
 *(.rodata)
 .rodata        0x00000000080064e0       0x18 ./Core/Inc/Filters/Filters.o
 *(.rodata*)
 .rodata.b0.1   0x00000000080064f8        0x4 ./Core/Inc/Filters/CombFeedforward.o
 .rodata.bm.0   0x00000000080064fc        0x4 ./Core/Inc/Filters/CombFeedforward.o
 .rodata.AHBPrescTable
                0x0000000008006500       0x10 ./Core/Src/system_stm32f7xx.o
                0x0000000008006500                AHBPrescTable
 .rodata.flagBitshiftOffset.0
                0x0000000008006510        0x8 ./Drivers/STM32F7xx_HAL_Driver/Src/stm32f7xx_hal_dma.o
 .rodata.npio2_hw
                0x0000000008006518       0x80 C:/ST/STM32CubeIDE_1.14.1/STM32CubeIDE/plugins/com.st.stm32cube.ide.mcu.externaltools.gnu-tools-for-stm32.11.3.rel1.win32_1.1.100.202309141235/tools/bin/../lib/gcc/arm-none-eabi/11.3.1/../../../../arm-none-eabi/lib/thumb/v7e-m+fp/hard\libm.a(libm_a-e_rem_pio2.o)
 .rodata.two_over_pi
                0x0000000008006598      0x108 C:/ST/STM32CubeIDE_1.14.1/STM32CubeIDE/plugins/com.st.stm32cube.ide.mcu.externaltools.gnu-tools-for-stm32.11.3.rel1.win32_1.1.100.202309141235/tools/bin/../lib/gcc/arm-none-eabi/11.3.1/../../../../arm-none-eabi/lib/thumb/v7e-m+fp/hard\libm.a(libm_a-e_rem_pio2.o)
 .rodata.PIo2   0x00000000080066a0       0x40 C:/ST/STM32CubeIDE_1.14.1/STM32CubeIDE/plugins/com.st.stm32cube.ide.mcu.externaltools.gnu-tools-for-stm32.11.3.rel1.win32_1.1.100.202309141235/tools/bin/../lib/gcc/arm-none-eabi/11.3.1/../../../../arm-none-eabi/lib/thumb/v7e-m+fp/hard\libm.a(libm_a-k_rem_pio2.o)
 .rodata.init_jk
                0x00000000080066e0       0x10 C:/ST/STM32CubeIDE_1.14.1/STM32CubeIDE/plugins/com.st.stm32cube.ide.mcu.externaltools.gnu-tools-for-stm32.11.3.rel1.win32_1.1.100.202309141235/tools/bin/../lib/gcc/arm-none-eabi/11.3.1/../../../../arm-none-eabi/lib/thumb/v7e-m+fp/hard\libm.a(libm_a-k_rem_pio2.o)
                0x00000000080066f0                . = ALIGN (0x4)

.ARM.extab      0x00000000080066f0        0x0
                0x00000000080066f0                . = ALIGN (0x4)
 *(.ARM.extab* .gnu.linkonce.armextab.*)
                0x00000000080066f0                . = ALIGN (0x4)

.ARM            0x00000000080066f0        0x8
                0x00000000080066f0                . = ALIGN (0x4)
                0x00000000080066f0                __exidx_start = .
 *(.ARM.exidx*)
 .ARM.exidx     0x00000000080066f0        0x8 C:/ST/STM32CubeIDE_1.14.1/STM32CubeIDE/plugins/com.st.stm32cube.ide.mcu.externaltools.gnu-tools-for-stm32.11.3.rel1.win32_1.1.100.202309141235/tools/bin/../lib/gcc/arm-none-eabi/11.3.1/thumb/v7e-m+fp/hard\libgcc.a(_udivmoddi4.o)
                0x00000000080066f8                __exidx_end = .
                0x00000000080066f8                . = ALIGN (0x4)

.rel.dyn        0x00000000080066f8        0x0
 .rel.iplt      0x00000000080066f8        0x0 C:/ST/STM32CubeIDE_1.14.1/STM32CubeIDE/plugins/com.st.stm32cube.ide.mcu.externaltools.gnu-tools-for-stm32.11.3.rel1.win32_1.1.100.202309141235/tools/bin/../lib/gcc/arm-none-eabi/11.3.1/thumb/v7e-m+fp/hard/crtbegin.o

.preinit_array  0x00000000080066f8        0x0
                0x00000000080066f8                . = ALIGN (0x4)
                0x00000000080066f8                PROVIDE (__preinit_array_start = .)
 *(.preinit_array*)
                0x00000000080066f8                PROVIDE (__preinit_array_end = .)
                0x00000000080066f8                . = ALIGN (0x4)

.init_array     0x00000000080066f8        0x4
                0x00000000080066f8                . = ALIGN (0x4)
                0x00000000080066f8                PROVIDE (__init_array_start = .)
 *(SORT_BY_NAME(.init_array.*))
 *(.init_array*)
 .init_array    0x00000000080066f8        0x4 C:/ST/STM32CubeIDE_1.14.1/STM32CubeIDE/plugins/com.st.stm32cube.ide.mcu.externaltools.gnu-tools-for-stm32.11.3.rel1.win32_1.1.100.202309141235/tools/bin/../lib/gcc/arm-none-eabi/11.3.1/thumb/v7e-m+fp/hard/crtbegin.o
                0x00000000080066fc                PROVIDE (__init_array_end = .)
                0x00000000080066fc                . = ALIGN (0x4)

.fini_array     0x00000000080066fc        0x4
                0x00000000080066fc                . = ALIGN (0x4)
                [!provide]                        PROVIDE (__fini_array_start = .)
 *(SORT_BY_NAME(.fini_array.*))
 *(.fini_array*)
 .fini_array    0x00000000080066fc        0x4 C:/ST/STM32CubeIDE_1.14.1/STM32CubeIDE/plugins/com.st.stm32cube.ide.mcu.externaltools.gnu-tools-for-stm32.11.3.rel1.win32_1.1.100.202309141235/tools/bin/../lib/gcc/arm-none-eabi/11.3.1/thumb/v7e-m+fp/hard/crtbegin.o
                [!provide]                        PROVIDE (__fini_array_end = .)
                0x0000000008006700                . = ALIGN (0x4)
                0x0000000008006700                _sidata = LOADADDR (.data)

.data           0x0000000020000000       0xb0 load address 0x0000000008006700
                0x0000000020000000                . = ALIGN (0x4)
                0x0000000020000000                _sdata = .
 *(.data)
 *(.data*)
 .data.inputBufPtr
                0x0000000020000000        0x4 ./Core/Inc/DSP/DSP.o
 .data.outputBufPtr
                0x0000000020000004        0x4 ./Core/Inc/DSP/DSP.o
 .data.shiftRegFilterSelect
                0x0000000020000008       0x18 ./Core/Inc/IO/IO.o
                0x0000000020000008                shiftRegFilterSelect
 .data.shiftRegLedbar
                0x0000000020000020       0x18 ./Core/Inc/IO/IO.o
                0x0000000020000020                shiftRegLedbar
 .data.rotaryEncoder
                0x0000000020000038       0x1c ./Core/Inc/IO/IO.o
                0x0000000020000038                rotaryEncoder
 .data.SystemCoreClock
                0x0000000020000054        0x4 ./Core/Src/system_stm32f7xx.o
                0x0000000020000054                SystemCoreClock
 .data.uwTickPrio
                0x0000000020000058        0x4 ./Drivers/STM32F7xx_HAL_Driver/Src/stm32f7xx_hal.o
                0x0000000020000058                uwTickPrio
 .data.uwTickFreq
                0x000000002000005c        0x1 ./Drivers/STM32F7xx_HAL_Driver/Src/stm32f7xx_hal.o
                0x000000002000005c                uwTickFreq
 *fill*         0x000000002000005d        0x3 
 .data._impure_data
                0x0000000020000060       0x4c C:/ST/STM32CubeIDE_1.14.1/STM32CubeIDE/plugins/com.st.stm32cube.ide.mcu.externaltools.gnu-tools-for-stm32.11.3.rel1.win32_1.1.100.202309141235/tools/bin/../lib/gcc/arm-none-eabi/11.3.1/../../../../arm-none-eabi/lib/thumb/v7e-m+fp/hard\libc_nano.a(libc_a-impure.o)
                0x0000000020000060                _impure_data
 .data._impure_ptr
                0x00000000200000ac        0x4 C:/ST/STM32CubeIDE_1.14.1/STM32CubeIDE/plugins/com.st.stm32cube.ide.mcu.externaltools.gnu-tools-for-stm32.11.3.rel1.win32_1.1.100.202309141235/tools/bin/../lib/gcc/arm-none-eabi/11.3.1/../../../../arm-none-eabi/lib/thumb/v7e-m+fp/hard\libc_nano.a(libc_a-impure.o)
                0x00000000200000ac                _impure_ptr
 *(.RamFunc)
 *(.RamFunc*)
                0x00000000200000b0                . = ALIGN (0x4)
                0x00000000200000b0                _edata = .

.igot.plt       0x00000000200000b0        0x0 load address 0x00000000080067b0
 .igot.plt      0x00000000200000b0        0x0 C:/ST/STM32CubeIDE_1.14.1/STM32CubeIDE/plugins/com.st.stm32cube.ide.mcu.externaltools.gnu-tools-for-stm32.11.3.rel1.win32_1.1.100.202309141235/tools/bin/../lib/gcc/arm-none-eabi/11.3.1/thumb/v7e-m+fp/hard/crtbegin.o
                0x00000000200000b0                . = ALIGN (0x4)

.bss            0x00000000200000b0      0x514 load address 0x00000000080067b0
                0x00000000200000b0                _sbss = .
                0x00000000200000b0                __bss_start__ = _sbss
 *(.bss)
 .bss           0x00000000200000b0       0x1c C:/ST/STM32CubeIDE_1.14.1/STM32CubeIDE/plugins/com.st.stm32cube.ide.mcu.externaltools.gnu-tools-for-stm32.11.3.rel1.win32_1.1.100.202309141235/tools/bin/../lib/gcc/arm-none-eabi/11.3.1/thumb/v7e-m+fp/hard/crtbegin.o
 *(.bss*)
 .bss.inputData
                0x00000000200000cc      0x100 ./Core/Inc/DSP/DSP.o
                0x00000000200000cc                inputData
 .bss.outputData
                0x00000000200001cc      0x100 ./Core/Inc/DSP/DSP.o
                0x00000000200001cc                outputData
 .bss.dataReadyFlag
                0x00000000200002cc        0x1 ./Core/Inc/DSP/DSP.o
                0x00000000200002cc                dataReadyFlag
 *fill*         0x00000000200002cd        0x3 
 .bss.filters   0x00000000200002d0        0x4 ./Core/Inc/DSP/DSP.o
                0x00000000200002d0                filters
 .bss.IOState   0x00000000200002d4        0x1 ./Core/Inc/IO/IO.o
                0x00000000200002d4                IOState
 .bss.selectedFilter
                0x00000000200002d5        0x1 ./Core/Inc/IO/IO.o
                0x00000000200002d5                selectedFilter
 .bss.switchedStateFlag
                0x00000000200002d6        0x1 ./Core/Inc/IO/IO.o
                0x00000000200002d6                switchedStateFlag
 .bss.rot_old_state
                0x00000000200002d7        0x1 ./Core/Inc/IO/RotaryEncoder.o
                0x00000000200002d7                rot_old_state
 .bss.rot_new_state
                0x00000000200002d8        0x1 ./Core/Inc/IO/RotaryEncoder.o
                0x00000000200002d8                rot_new_state
 *fill*         0x00000000200002d9        0x3 
 .bss.hi2c1     0x00000000200002dc       0x54 ./Core/Src/main.o
                0x00000000200002dc                hi2c1
 .bss.hi2s1     0x0000000020000330       0x40 ./Core/Src/main.o
                0x0000000020000330                hi2s1
 .bss.hi2s2     0x0000000020000370       0x40 ./Core/Src/main.o
                0x0000000020000370                hi2s2
 .bss.hdma_spi1_tx
                0x00000000200003b0       0x60 ./Core/Src/main.o
                0x00000000200003b0                hdma_spi1_tx
 .bss.hdma_spi2_rx
                0x0000000020000410       0x60 ./Core/Src/main.o
                0x0000000020000410                hdma_spi2_rx
 .bss.previousMillis
                0x0000000020000470        0x4 ./Core/Src/main.o
                0x0000000020000470                previousMillis
 .bss.__sbrk_heap_end
                0x0000000020000474        0x4 ./Core/Src/sysmem.o
 .bss.uwTick    0x0000000020000478        0x4 ./Drivers/STM32F7xx_HAL_Driver/Src/stm32f7xx_hal.o
                0x0000000020000478                uwTick
 .bss.__malloc_free_list
                0x000000002000047c        0x4 C:/ST/STM32CubeIDE_1.14.1/STM32CubeIDE/plugins/com.st.stm32cube.ide.mcu.externaltools.gnu-tools-for-stm32.11.3.rel1.win32_1.1.100.202309141235/tools/bin/../lib/gcc/arm-none-eabi/11.3.1/../../../../arm-none-eabi/lib/thumb/v7e-m+fp/hard\libc_nano.a(libc_a-mallocr.o)
                0x000000002000047c                __malloc_free_list
 .bss.__malloc_sbrk_start
                0x0000000020000480        0x4 C:/ST/STM32CubeIDE_1.14.1/STM32CubeIDE/plugins/com.st.stm32cube.ide.mcu.externaltools.gnu-tools-for-stm32.11.3.rel1.win32_1.1.100.202309141235/tools/bin/../lib/gcc/arm-none-eabi/11.3.1/../../../../arm-none-eabi/lib/thumb/v7e-m+fp/hard\libc_nano.a(libc_a-mallocr.o)
                0x0000000020000480                __malloc_sbrk_start
 .bss.__sf      0x0000000020000484      0x138 C:/ST/STM32CubeIDE_1.14.1/STM32CubeIDE/plugins/com.st.stm32cube.ide.mcu.externaltools.gnu-tools-for-stm32.11.3.rel1.win32_1.1.100.202309141235/tools/bin/../lib/gcc/arm-none-eabi/11.3.1/../../../../arm-none-eabi/lib/thumb/v7e-m+fp/hard\libc_nano.a(libc_a-findfp.o)
                0x0000000020000484                __sf
 .bss.errno     0x00000000200005bc        0x4 C:/ST/STM32CubeIDE_1.14.1/STM32CubeIDE/plugins/com.st.stm32cube.ide.mcu.externaltools.gnu-tools-for-stm32.11.3.rel1.win32_1.1.100.202309141235/tools/bin/../lib/gcc/arm-none-eabi/11.3.1/../../../../arm-none-eabi/lib/thumb/v7e-m+fp/hard\libc_nano.a(libc_a-reent.o)
                0x00000000200005bc                errno
 .bss.__lock___malloc_recursive_mutex
                0x00000000200005c0        0x1 C:/ST/STM32CubeIDE_1.14.1/STM32CubeIDE/plugins/com.st.stm32cube.ide.mcu.externaltools.gnu-tools-for-stm32.11.3.rel1.win32_1.1.100.202309141235/tools/bin/../lib/gcc/arm-none-eabi/11.3.1/../../../../arm-none-eabi/lib/thumb/v7e-m+fp/hard\libc_nano.a(libc_a-lock.o)
                0x00000000200005c0                __lock___malloc_recursive_mutex
 *(COMMON)
                0x00000000200005c4                . = ALIGN (0x4)
 *fill*         0x00000000200005c1        0x3 
                0x00000000200005c4                _ebss = .
                0x00000000200005c4                __bss_end__ = _ebss

._user_heap_stack
                0x00000000200005c4      0x604 load address 0x00000000080067b0
                0x00000000200005c8                . = ALIGN (0x8)
 *fill*         0x00000000200005c4        0x4 
                [!provide]                        PROVIDE (end = .)
                0x00000000200005c8                PROVIDE (_end = .)
                0x00000000200007c8                . = (. + _Min_Heap_Size)
 *fill*         0x00000000200005c8      0x200 
                0x0000000020000bc8                . = (. + _Min_Stack_Size)
 *fill*         0x00000000200007c8      0x400 
                0x0000000020000bc8                . = ALIGN (0x8)

/DISCARD/
 libc.a(*)
 libm.a(*)
 libgcc.a(*)

.ARM.attributes
                0x0000000000000000       0x30
 *(.ARM.attributes)
 .ARM.attributes
                0x0000000000000000       0x1e C:/ST/STM32CubeIDE_1.14.1/STM32CubeIDE/plugins/com.st.stm32cube.ide.mcu.externaltools.gnu-tools-for-stm32.11.3.rel1.win32_1.1.100.202309141235/tools/bin/../lib/gcc/arm-none-eabi/11.3.1/thumb/v7e-m+fp/hard/crti.o
 .ARM.attributes
                0x000000000000001e       0x34 C:/ST/STM32CubeIDE_1.14.1/STM32CubeIDE/plugins/com.st.stm32cube.ide.mcu.externaltools.gnu-tools-for-stm32.11.3.rel1.win32_1.1.100.202309141235/tools/bin/../lib/gcc/arm-none-eabi/11.3.1/thumb/v7e-m+fp/hard/crtbegin.o
 .ARM.attributes
                0x0000000000000052       0x34 ./Core/Inc/Codec/CodecDriver.o
 .ARM.attributes
                0x0000000000000086       0x34 ./Core/Inc/DSP/DSP.o
 .ARM.attributes
                0x00000000000000ba       0x34 ./Core/Inc/Filters/AllPass.o
 .ARM.attributes
                0x00000000000000ee       0x34 ./Core/Inc/Filters/CombFeedback.o
 .ARM.attributes
                0x0000000000000122       0x34 ./Core/Inc/Filters/CombFeedforward.o
 .ARM.attributes
                0x0000000000000156       0x34 ./Core/Inc/Filters/Filters.o
 .ARM.attributes
                0x000000000000018a       0x34 ./Core/Inc/Filters/Flanger.o
 .ARM.attributes
                0x00000000000001be       0x34 ./Core/Inc/Filters/Reverb.o
 .ARM.attributes
                0x00000000000001f2       0x34 ./Core/Inc/Filters/FilterUtility/CircularBuffer.o
 .ARM.attributes
                0x0000000000000226       0x34 ./Core/Inc/IO/IO.o
 .ARM.attributes
                0x000000000000025a       0x34 ./Core/Inc/IO/RotaryEncoder.o
 .ARM.attributes
                0x000000000000028e       0x34 ./Core/Inc/IO/ShiftRegister.o
 .ARM.attributes
                0x00000000000002c2       0x34 ./Core/Src/main.o
 .ARM.attributes
                0x00000000000002f6       0x34 ./Core/Src/stm32f7xx_hal_msp.o
 .ARM.attributes
                0x000000000000032a       0x34 ./Core/Src/stm32f7xx_it.o
 .ARM.attributes
                0x000000000000035e       0x34 ./Core/Src/sysmem.o
 .ARM.attributes
                0x0000000000000392       0x34 ./Core/Src/system_stm32f7xx.o
 .ARM.attributes
                0x00000000000003c6       0x21 ./Core/Startup/startup_stm32f722rctx.o
 .ARM.attributes
                0x00000000000003e7       0x34 ./Drivers/STM32F7xx_HAL_Driver/Src/stm32f7xx_hal.o
 .ARM.attributes
                0x000000000000041b       0x34 ./Drivers/STM32F7xx_HAL_Driver/Src/stm32f7xx_hal_cortex.o
 .ARM.attributes
                0x000000000000044f       0x34 ./Drivers/STM32F7xx_HAL_Driver/Src/stm32f7xx_hal_dma.o
 .ARM.attributes
                0x0000000000000483       0x34 ./Drivers/STM32F7xx_HAL_Driver/Src/stm32f7xx_hal_gpio.o
 .ARM.attributes
                0x00000000000004b7       0x34 ./Drivers/STM32F7xx_HAL_Driver/Src/stm32f7xx_hal_i2c.o
 .ARM.attributes
                0x00000000000004eb       0x34 ./Drivers/STM32F7xx_HAL_Driver/Src/stm32f7xx_hal_i2c_ex.o
 .ARM.attributes
                0x000000000000051f       0x34 ./Drivers/STM32F7xx_HAL_Driver/Src/stm32f7xx_hal_i2s.o
 .ARM.attributes
                0x0000000000000553       0x34 ./Drivers/STM32F7xx_HAL_Driver/Src/stm32f7xx_hal_pwr_ex.o
 .ARM.attributes
                0x0000000000000587       0x34 ./Drivers/STM32F7xx_HAL_Driver/Src/stm32f7xx_hal_rcc.o
 .ARM.attributes
                0x00000000000005bb       0x34 ./Drivers/STM32F7xx_HAL_Driver/Src/stm32f7xx_hal_rcc_ex.o
 .ARM.attributes
                0x00000000000005ef       0x34 C:/ST/STM32CubeIDE_1.14.1/STM32CubeIDE/plugins/com.st.stm32cube.ide.mcu.externaltools.gnu-tools-for-stm32.11.3.rel1.win32_1.1.100.202309141235/tools/bin/../lib/gcc/arm-none-eabi/11.3.1/../../../../arm-none-eabi/lib/thumb/v7e-m+fp/hard\libc_nano.a(libc_a-calloc.o)
 .ARM.attributes
                0x0000000000000623       0x34 C:/ST/STM32CubeIDE_1.14.1/STM32CubeIDE/plugins/com.st.stm32cube.ide.mcu.externaltools.gnu-tools-for-stm32.11.3.rel1.win32_1.1.100.202309141235/tools/bin/../lib/gcc/arm-none-eabi/11.3.1/../../../../arm-none-eabi/lib/thumb/v7e-m+fp/hard\libc_nano.a(libc_a-callocr.o)
 .ARM.attributes
                0x0000000000000657       0x34 C:/ST/STM32CubeIDE_1.14.1/STM32CubeIDE/plugins/com.st.stm32cube.ide.mcu.externaltools.gnu-tools-for-stm32.11.3.rel1.win32_1.1.100.202309141235/tools/bin/../lib/gcc/arm-none-eabi/11.3.1/../../../../arm-none-eabi/lib/thumb/v7e-m+fp/hard\libc_nano.a(libc_a-malloc.o)
 .ARM.attributes
                0x000000000000068b       0x34 C:/ST/STM32CubeIDE_1.14.1/STM32CubeIDE/plugins/com.st.stm32cube.ide.mcu.externaltools.gnu-tools-for-stm32.11.3.rel1.win32_1.1.100.202309141235/tools/bin/../lib/gcc/arm-none-eabi/11.3.1/../../../../arm-none-eabi/lib/thumb/v7e-m+fp/hard\libc_nano.a(libc_a-mallocr.o)
 .ARM.attributes
                0x00000000000006bf       0x34 C:/ST/STM32CubeIDE_1.14.1/STM32CubeIDE/plugins/com.st.stm32cube.ide.mcu.externaltools.gnu-tools-for-stm32.11.3.rel1.win32_1.1.100.202309141235/tools/bin/../lib/gcc/arm-none-eabi/11.3.1/../../../../arm-none-eabi/lib/thumb/v7e-m+fp/hard\libc_nano.a(libc_a-mlock.o)
 .ARM.attributes
                0x00000000000006f3       0x34 C:/ST/STM32CubeIDE_1.14.1/STM32CubeIDE/plugins/com.st.stm32cube.ide.mcu.externaltools.gnu-tools-for-stm32.11.3.rel1.win32_1.1.100.202309141235/tools/bin/../lib/gcc/arm-none-eabi/11.3.1/../../../../arm-none-eabi/lib/thumb/v7e-m+fp/hard\libc_nano.a(libc_a-findfp.o)
 .ARM.attributes
                0x0000000000000727       0x34 C:/ST/STM32CubeIDE_1.14.1/STM32CubeIDE/plugins/com.st.stm32cube.ide.mcu.externaltools.gnu-tools-for-stm32.11.3.rel1.win32_1.1.100.202309141235/tools/bin/../lib/gcc/arm-none-eabi/11.3.1/../../../../arm-none-eabi/lib/thumb/v7e-m+fp/hard\libc_nano.a(libc_a-memset.o)
 .ARM.attributes
                0x000000000000075b       0x34 C:/ST/STM32CubeIDE_1.14.1/STM32CubeIDE/plugins/com.st.stm32cube.ide.mcu.externaltools.gnu-tools-for-stm32.11.3.rel1.win32_1.1.100.202309141235/tools/bin/../lib/gcc/arm-none-eabi/11.3.1/../../../../arm-none-eabi/lib/thumb/v7e-m+fp/hard\libc_nano.a(libc_a-reent.o)
 .ARM.attributes
                0x000000000000078f       0x34 C:/ST/STM32CubeIDE_1.14.1/STM32CubeIDE/plugins/com.st.stm32cube.ide.mcu.externaltools.gnu-tools-for-stm32.11.3.rel1.win32_1.1.100.202309141235/tools/bin/../lib/gcc/arm-none-eabi/11.3.1/../../../../arm-none-eabi/lib/thumb/v7e-m+fp/hard\libc_nano.a(libc_a-impure.o)
 .ARM.attributes
                0x00000000000007c3       0x34 C:/ST/STM32CubeIDE_1.14.1/STM32CubeIDE/plugins/com.st.stm32cube.ide.mcu.externaltools.gnu-tools-for-stm32.11.3.rel1.win32_1.1.100.202309141235/tools/bin/../lib/gcc/arm-none-eabi/11.3.1/../../../../arm-none-eabi/lib/thumb/v7e-m+fp/hard\libc_nano.a(libc_a-sbrkr.o)
 .ARM.attributes
                0x00000000000007f7       0x34 C:/ST/STM32CubeIDE_1.14.1/STM32CubeIDE/plugins/com.st.stm32cube.ide.mcu.externaltools.gnu-tools-for-stm32.11.3.rel1.win32_1.1.100.202309141235/tools/bin/../lib/gcc/arm-none-eabi/11.3.1/../../../../arm-none-eabi/lib/thumb/v7e-m+fp/hard\libc_nano.a(libc_a-errno.o)
 .ARM.attributes
                0x000000000000082b       0x34 C:/ST/STM32CubeIDE_1.14.1/STM32CubeIDE/plugins/com.st.stm32cube.ide.mcu.externaltools.gnu-tools-for-stm32.11.3.rel1.win32_1.1.100.202309141235/tools/bin/../lib/gcc/arm-none-eabi/11.3.1/../../../../arm-none-eabi/lib/thumb/v7e-m+fp/hard\libc_nano.a(libc_a-init.o)
 .ARM.attributes
                0x000000000000085f       0x34 C:/ST/STM32CubeIDE_1.14.1/STM32CubeIDE/plugins/com.st.stm32cube.ide.mcu.externaltools.gnu-tools-for-stm32.11.3.rel1.win32_1.1.100.202309141235/tools/bin/../lib/gcc/arm-none-eabi/11.3.1/../../../../arm-none-eabi/lib/thumb/v7e-m+fp/hard\libc_nano.a(libc_a-lock.o)
 .ARM.attributes
                0x0000000000000893       0x34 C:/ST/STM32CubeIDE_1.14.1/STM32CubeIDE/plugins/com.st.stm32cube.ide.mcu.externaltools.gnu-tools-for-stm32.11.3.rel1.win32_1.1.100.202309141235/tools/bin/../lib/gcc/arm-none-eabi/11.3.1/../../../../arm-none-eabi/lib/thumb/v7e-m+fp/hard\libm.a(libm_a-s_cos.o)
 .ARM.attributes
                0x00000000000008c7       0x34 C:/ST/STM32CubeIDE_1.14.1/STM32CubeIDE/plugins/com.st.stm32cube.ide.mcu.externaltools.gnu-tools-for-stm32.11.3.rel1.win32_1.1.100.202309141235/tools/bin/../lib/gcc/arm-none-eabi/11.3.1/../../../../arm-none-eabi/lib/thumb/v7e-m+fp/hard\libm.a(libm_a-k_cos.o)
 .ARM.attributes
                0x00000000000008fb       0x34 C:/ST/STM32CubeIDE_1.14.1/STM32CubeIDE/plugins/com.st.stm32cube.ide.mcu.externaltools.gnu-tools-for-stm32.11.3.rel1.win32_1.1.100.202309141235/tools/bin/../lib/gcc/arm-none-eabi/11.3.1/../../../../arm-none-eabi/lib/thumb/v7e-m+fp/hard\libm.a(libm_a-k_sin.o)
 .ARM.attributes
                0x000000000000092f       0x34 C:/ST/STM32CubeIDE_1.14.1/STM32CubeIDE/plugins/com.st.stm32cube.ide.mcu.externaltools.gnu-tools-for-stm32.11.3.rel1.win32_1.1.100.202309141235/tools/bin/../lib/gcc/arm-none-eabi/11.3.1/../../../../arm-none-eabi/lib/thumb/v7e-m+fp/hard\libm.a(libm_a-e_rem_pio2.o)
 .ARM.attributes
                0x0000000000000963       0x34 C:/ST/STM32CubeIDE_1.14.1/STM32CubeIDE/plugins/com.st.stm32cube.ide.mcu.externaltools.gnu-tools-for-stm32.11.3.rel1.win32_1.1.100.202309141235/tools/bin/../lib/gcc/arm-none-eabi/11.3.1/../../../../arm-none-eabi/lib/thumb/v7e-m+fp/hard\libm.a(libm_a-s_fabs.o)
 .ARM.attributes
                0x0000000000000997       0x34 C:/ST/STM32CubeIDE_1.14.1/STM32CubeIDE/plugins/com.st.stm32cube.ide.mcu.externaltools.gnu-tools-for-stm32.11.3.rel1.win32_1.1.100.202309141235/tools/bin/../lib/gcc/arm-none-eabi/11.3.1/../../../../arm-none-eabi/lib/thumb/v7e-m+fp/hard\libm.a(libm_a-k_rem_pio2.o)
 .ARM.attributes
                0x00000000000009cb       0x34 C:/ST/STM32CubeIDE_1.14.1/STM32CubeIDE/plugins/com.st.stm32cube.ide.mcu.externaltools.gnu-tools-for-stm32.11.3.rel1.win32_1.1.100.202309141235/tools/bin/../lib/gcc/arm-none-eabi/11.3.1/../../../../arm-none-eabi/lib/thumb/v7e-m+fp/hard\libm.a(libm_a-s_scalbn.o)
 .ARM.attributes
                0x00000000000009ff       0x34 C:/ST/STM32CubeIDE_1.14.1/STM32CubeIDE/plugins/com.st.stm32cube.ide.mcu.externaltools.gnu-tools-for-stm32.11.3.rel1.win32_1.1.100.202309141235/tools/bin/../lib/gcc/arm-none-eabi/11.3.1/../../../../arm-none-eabi/lib/thumb/v7e-m+fp/hard\libm.a(libm_a-s_floor.o)
 .ARM.attributes
                0x0000000000000a33       0x1e C:/ST/STM32CubeIDE_1.14.1/STM32CubeIDE/plugins/com.st.stm32cube.ide.mcu.externaltools.gnu-tools-for-stm32.11.3.rel1.win32_1.1.100.202309141235/tools/bin/../lib/gcc/arm-none-eabi/11.3.1/thumb/v7e-m+fp/hard\libgcc.a(_arm_addsubdf3.o)
 .ARM.attributes
                0x0000000000000a51       0x1e C:/ST/STM32CubeIDE_1.14.1/STM32CubeIDE/plugins/com.st.stm32cube.ide.mcu.externaltools.gnu-tools-for-stm32.11.3.rel1.win32_1.1.100.202309141235/tools/bin/../lib/gcc/arm-none-eabi/11.3.1/thumb/v7e-m+fp/hard\libgcc.a(_arm_muldivdf3.o)
 .ARM.attributes
                0x0000000000000a6f       0x1e C:/ST/STM32CubeIDE_1.14.1/STM32CubeIDE/plugins/com.st.stm32cube.ide.mcu.externaltools.gnu-tools-for-stm32.11.3.rel1.win32_1.1.100.202309141235/tools/bin/../lib/gcc/arm-none-eabi/11.3.1/thumb/v7e-m+fp/hard\libgcc.a(_arm_cmpdf2.o)
 .ARM.attributes
                0x0000000000000a8d       0x1e C:/ST/STM32CubeIDE_1.14.1/STM32CubeIDE/plugins/com.st.stm32cube.ide.mcu.externaltools.gnu-tools-for-stm32.11.3.rel1.win32_1.1.100.202309141235/tools/bin/../lib/gcc/arm-none-eabi/11.3.1/thumb/v7e-m+fp/hard\libgcc.a(_arm_fixdfsi.o)
 .ARM.attributes
                0x0000000000000aab       0x1e C:/ST/STM32CubeIDE_1.14.1/STM32CubeIDE/plugins/com.st.stm32cube.ide.mcu.externaltools.gnu-tools-for-stm32.11.3.rel1.win32_1.1.100.202309141235/tools/bin/../lib/gcc/arm-none-eabi/11.3.1/thumb/v7e-m+fp/hard\libgcc.a(_aeabi_uldivmod.o)
 .ARM.attributes
                0x0000000000000ac9       0x34 C:/ST/STM32CubeIDE_1.14.1/STM32CubeIDE/plugins/com.st.stm32cube.ide.mcu.externaltools.gnu-tools-for-stm32.11.3.rel1.win32_1.1.100.202309141235/tools/bin/../lib/gcc/arm-none-eabi/11.3.1/thumb/v7e-m+fp/hard\libgcc.a(_udivmoddi4.o)
 .ARM.attributes
                0x0000000000000afd       0x1e C:/ST/STM32CubeIDE_1.14.1/STM32CubeIDE/plugins/com.st.stm32cube.ide.mcu.externaltools.gnu-tools-for-stm32.11.3.rel1.win32_1.1.100.202309141235/tools/bin/../lib/gcc/arm-none-eabi/11.3.1/thumb/v7e-m+fp/hard\libgcc.a(_dvmd_tls.o)
 .ARM.attributes
                0x0000000000000b1b       0x1e C:/ST/STM32CubeIDE_1.14.1/STM32CubeIDE/plugins/com.st.stm32cube.ide.mcu.externaltools.gnu-tools-for-stm32.11.3.rel1.win32_1.1.100.202309141235/tools/bin/../lib/gcc/arm-none-eabi/11.3.1/thumb/v7e-m+fp/hard/crtn.o
OUTPUT(SEAG_F.elf elf32-littlearm)
LOAD linker stubs
LOAD C:/ST/STM32CubeIDE_1.14.1/STM32CubeIDE/plugins/com.st.stm32cube.ide.mcu.externaltools.gnu-tools-for-stm32.11.3.rel1.win32_1.1.100.202309141235/tools/bin/../lib/gcc/arm-none-eabi/11.3.1/../../../../arm-none-eabi/lib/thumb/v7e-m+fp/hard\libc.a
LOAD C:/ST/STM32CubeIDE_1.14.1/STM32CubeIDE/plugins/com.st.stm32cube.ide.mcu.externaltools.gnu-tools-for-stm32.11.3.rel1.win32_1.1.100.202309141235/tools/bin/../lib/gcc/arm-none-eabi/11.3.1/../../../../arm-none-eabi/lib/thumb/v7e-m+fp/hard\libm.a
LOAD C:/ST/STM32CubeIDE_1.14.1/STM32CubeIDE/plugins/com.st.stm32cube.ide.mcu.externaltools.gnu-tools-for-stm32.11.3.rel1.win32_1.1.100.202309141235/tools/bin/../lib/gcc/arm-none-eabi/11.3.1/thumb/v7e-m+fp/hard\libgcc.a

.comment        0x0000000000000000       0x43
 .comment       0x0000000000000000       0x43 C:/ST/STM32CubeIDE_1.14.1/STM32CubeIDE/plugins/com.st.stm32cube.ide.mcu.externaltools.gnu-tools-for-stm32.11.3.rel1.win32_1.1.100.202309141235/tools/bin/../lib/gcc/arm-none-eabi/11.3.1/thumb/v7e-m+fp/hard/crtbegin.o
                                         0x44 (size before relaxing)
 .comment       0x0000000000000043       0x44 ./Core/Inc/Codec/CodecDriver.o
 .comment       0x0000000000000043       0x44 ./Core/Inc/DSP/DSP.o
 .comment       0x0000000000000043       0x44 ./Core/Inc/Filters/AllPass.o
 .comment       0x0000000000000043       0x44 ./Core/Inc/Filters/CombFeedback.o
 .comment       0x0000000000000043       0x44 ./Core/Inc/Filters/CombFeedforward.o
 .comment       0x0000000000000043       0x44 ./Core/Inc/Filters/Filters.o
 .comment       0x0000000000000043       0x44 ./Core/Inc/Filters/Flanger.o
 .comment       0x0000000000000043       0x44 ./Core/Inc/Filters/Reverb.o
 .comment       0x0000000000000043       0x44 ./Core/Inc/Filters/FilterUtility/CircularBuffer.o
 .comment       0x0000000000000043       0x44 ./Core/Inc/IO/IO.o
 .comment       0x0000000000000043       0x44 ./Core/Inc/IO/RotaryEncoder.o
 .comment       0x0000000000000043       0x44 ./Core/Inc/IO/ShiftRegister.o
 .comment       0x0000000000000043       0x44 ./Core/Src/main.o
 .comment       0x0000000000000043       0x44 ./Core/Src/stm32f7xx_hal_msp.o
 .comment       0x0000000000000043       0x44 ./Core/Src/stm32f7xx_it.o
 .comment       0x0000000000000043       0x44 ./Core/Src/sysmem.o
 .comment       0x0000000000000043       0x44 ./Core/Src/system_stm32f7xx.o
 .comment       0x0000000000000043       0x44 ./Drivers/STM32F7xx_HAL_Driver/Src/stm32f7xx_hal.o
 .comment       0x0000000000000043       0x44 ./Drivers/STM32F7xx_HAL_Driver/Src/stm32f7xx_hal_cortex.o
 .comment       0x0000000000000043       0x44 ./Drivers/STM32F7xx_HAL_Driver/Src/stm32f7xx_hal_dma.o
 .comment       0x0000000000000043       0x44 ./Drivers/STM32F7xx_HAL_Driver/Src/stm32f7xx_hal_gpio.o
 .comment       0x0000000000000043       0x44 ./Drivers/STM32F7xx_HAL_Driver/Src/stm32f7xx_hal_i2c.o
 .comment       0x0000000000000043       0x44 ./Drivers/STM32F7xx_HAL_Driver/Src/stm32f7xx_hal_i2c_ex.o
 .comment       0x0000000000000043       0x44 ./Drivers/STM32F7xx_HAL_Driver/Src/stm32f7xx_hal_i2s.o
 .comment       0x0000000000000043       0x44 ./Drivers/STM32F7xx_HAL_Driver/Src/stm32f7xx_hal_pwr_ex.o
 .comment       0x0000000000000043       0x44 ./Drivers/STM32F7xx_HAL_Driver/Src/stm32f7xx_hal_rcc.o
 .comment       0x0000000000000043       0x44 ./Drivers/STM32F7xx_HAL_Driver/Src/stm32f7xx_hal_rcc_ex.o

.debug_info     0x0000000000000000     0xd93c
 .debug_info    0x0000000000000000      0x733 ./Core/Inc/Codec/CodecDriver.o
 .debug_info    0x0000000000000733      0x814 ./Core/Inc/DSP/DSP.o
 .debug_info    0x0000000000000f47      0x318 ./Core/Inc/Filters/AllPass.o
 .debug_info    0x000000000000125f      0x25c ./Core/Inc/Filters/CombFeedback.o
 .debug_info    0x00000000000014bb      0x253 ./Core/Inc/Filters/CombFeedforward.o
 .debug_info    0x000000000000170e      0x511 ./Core/Inc/Filters/Filters.o
 .debug_info    0x0000000000001c1f      0x2bf ./Core/Inc/Filters/Flanger.o
 .debug_info    0x0000000000001ede      0x3e5 ./Core/Inc/Filters/Reverb.o
 .debug_info    0x00000000000022c3      0x1e5 ./Core/Inc/Filters/FilterUtility/CircularBuffer.o
 .debug_info    0x00000000000024a8      0x434 ./Core/Inc/IO/IO.o
 .debug_info    0x00000000000028dc      0x2aa ./Core/Inc/IO/RotaryEncoder.o
 .debug_info    0x0000000000002b86      0x2e1 ./Core/Inc/IO/ShiftRegister.o
 .debug_info    0x0000000000002e67     0x150f ./Core/Src/main.o
 .debug_info    0x0000000000004376      0xf72 ./Core/Src/stm32f7xx_hal_msp.o
 .debug_info    0x00000000000052e8      0x43f ./Core/Src/stm32f7xx_it.o
 .debug_info    0x0000000000005727      0x168 ./Core/Src/sysmem.o
 .debug_info    0x000000000000588f      0x6ed ./Core/Src/system_stm32f7xx.o
 .debug_info    0x0000000000005f7c       0x23 ./Core/Startup/startup_stm32f722rctx.o
 .debug_info    0x0000000000005f9f      0x990 ./Drivers/STM32F7xx_HAL_Driver/Src/stm32f7xx_hal.o
 .debug_info    0x000000000000692f      0xf01 ./Drivers/STM32F7xx_HAL_Driver/Src/stm32f7xx_hal_cortex.o
 .debug_info    0x0000000000007830      0x8e7 ./Drivers/STM32F7xx_HAL_Driver/Src/stm32f7xx_hal_dma.o
 .debug_info    0x0000000000008117      0x6e7 ./Drivers/STM32F7xx_HAL_Driver/Src/stm32f7xx_hal_gpio.o
 .debug_info    0x00000000000087fe     0x20b3 ./Drivers/STM32F7xx_HAL_Driver/Src/stm32f7xx_hal_i2c.o
 .debug_info    0x000000000000a8b1      0x92e ./Drivers/STM32F7xx_HAL_Driver/Src/stm32f7xx_hal_i2c_ex.o
 .debug_info    0x000000000000b1df      0xef6 ./Drivers/STM32F7xx_HAL_Driver/Src/stm32f7xx_hal_i2s.o
 .debug_info    0x000000000000c0d5      0x8cd ./Drivers/STM32F7xx_HAL_Driver/Src/stm32f7xx_hal_pwr_ex.o
 .debug_info    0x000000000000c9a2      0x8e8 ./Drivers/STM32F7xx_HAL_Driver/Src/stm32f7xx_hal_rcc.o
 .debug_info    0x000000000000d28a      0x6b2 ./Drivers/STM32F7xx_HAL_Driver/Src/stm32f7xx_hal_rcc_ex.o

.debug_abbrev   0x0000000000000000     0x2e63
 .debug_abbrev  0x0000000000000000      0x1a5 ./Core/Inc/Codec/CodecDriver.o
 .debug_abbrev  0x00000000000001a5      0x20a ./Core/Inc/DSP/DSP.o
 .debug_abbrev  0x00000000000003af      0x10d ./Core/Inc/Filters/AllPass.o
 .debug_abbrev  0x00000000000004bc      0x10f ./Core/Inc/Filters/CombFeedback.o
 .debug_abbrev  0x00000000000005cb      0x114 ./Core/Inc/Filters/CombFeedforward.o
 .debug_abbrev  0x00000000000006df      0x11c ./Core/Inc/Filters/Filters.o
 .debug_abbrev  0x00000000000007fb      0x122 ./Core/Inc/Filters/Flanger.o
 .debug_abbrev  0x000000000000091d      0x106 ./Core/Inc/Filters/Reverb.o
 .debug_abbrev  0x0000000000000a23      0x104 ./Core/Inc/Filters/FilterUtility/CircularBuffer.o
 .debug_abbrev  0x0000000000000b27      0x1bb ./Core/Inc/IO/IO.o
 .debug_abbrev  0x0000000000000ce2      0x172 ./Core/Inc/IO/RotaryEncoder.o
 .debug_abbrev  0x0000000000000e54      0x174 ./Core/Inc/IO/ShiftRegister.o
 .debug_abbrev  0x0000000000000fc8      0x2fd ./Core/Src/main.o
 .debug_abbrev  0x00000000000012c5      0x223 ./Core/Src/stm32f7xx_hal_msp.o
 .debug_abbrev  0x00000000000014e8      0x198 ./Core/Src/stm32f7xx_it.o
 .debug_abbrev  0x0000000000001680       0xbc ./Core/Src/sysmem.o
 .debug_abbrev  0x000000000000173c      0x13b ./Core/Src/system_stm32f7xx.o
 .debug_abbrev  0x0000000000001877       0x12 ./Core/Startup/startup_stm32f722rctx.o
 .debug_abbrev  0x0000000000001889      0x213 ./Drivers/STM32F7xx_HAL_Driver/Src/stm32f7xx_hal.o
 .debug_abbrev  0x0000000000001a9c      0x329 ./Drivers/STM32F7xx_HAL_Driver/Src/stm32f7xx_hal_cortex.o
 .debug_abbrev  0x0000000000001dc5      0x264 ./Drivers/STM32F7xx_HAL_Driver/Src/stm32f7xx_hal_dma.o
 .debug_abbrev  0x0000000000002029      0x1d4 ./Drivers/STM32F7xx_HAL_Driver/Src/stm32f7xx_hal_gpio.o
 .debug_abbrev  0x00000000000021fd      0x259 ./Drivers/STM32F7xx_HAL_Driver/Src/stm32f7xx_hal_i2c.o
 .debug_abbrev  0x0000000000002456      0x19c ./Drivers/STM32F7xx_HAL_Driver/Src/stm32f7xx_hal_i2c_ex.o
 .debug_abbrev  0x00000000000025f2      0x26f ./Drivers/STM32F7xx_HAL_Driver/Src/stm32f7xx_hal_i2s.o
 .debug_abbrev  0x0000000000002861      0x1d5 ./Drivers/STM32F7xx_HAL_Driver/Src/stm32f7xx_hal_pwr_ex.o
 .debug_abbrev  0x0000000000002a36      0x288 ./Drivers/STM32F7xx_HAL_Driver/Src/stm32f7xx_hal_rcc.o
 .debug_abbrev  0x0000000000002cbe      0x1a5 ./Drivers/STM32F7xx_HAL_Driver/Src/stm32f7xx_hal_rcc_ex.o

.debug_aranges  0x0000000000000000      0xbf8
 .debug_aranges
                0x0000000000000000       0x30 ./Core/Inc/Codec/CodecDriver.o
 .debug_aranges
                0x0000000000000030       0x48 ./Core/Inc/DSP/DSP.o
 .debug_aranges
                0x0000000000000078       0x28 ./Core/Inc/Filters/AllPass.o
 .debug_aranges
                0x00000000000000a0       0x28 ./Core/Inc/Filters/CombFeedback.o
 .debug_aranges
                0x00000000000000c8       0x28 ./Core/Inc/Filters/CombFeedforward.o
 .debug_aranges
                0x00000000000000f0       0x28 ./Core/Inc/Filters/Filters.o
 .debug_aranges
                0x0000000000000118       0x28 ./Core/Inc/Filters/Flanger.o
 .debug_aranges
                0x0000000000000140       0x28 ./Core/Inc/Filters/Reverb.o
 .debug_aranges
                0x0000000000000168       0x30 ./Core/Inc/Filters/FilterUtility/CircularBuffer.o
 .debug_aranges
                0x0000000000000198       0x48 ./Core/Inc/IO/IO.o
 .debug_aranges
                0x00000000000001e0       0x28 ./Core/Inc/IO/RotaryEncoder.o
 .debug_aranges
                0x0000000000000208       0x28 ./Core/Inc/IO/ShiftRegister.o
 .debug_aranges
                0x0000000000000230       0x68 ./Core/Src/main.o
 .debug_aranges
                0x0000000000000298       0x40 ./Core/Src/stm32f7xx_hal_msp.o
 .debug_aranges
                0x00000000000002d8       0x78 ./Core/Src/stm32f7xx_it.o
 .debug_aranges
                0x0000000000000350       0x20 ./Core/Src/sysmem.o
 .debug_aranges
                0x0000000000000370       0x28 ./Core/Src/system_stm32f7xx.o
 .debug_aranges
                0x0000000000000398       0x28 ./Core/Startup/startup_stm32f722rctx.o
 .debug_aranges
                0x00000000000003c0      0x100 ./Drivers/STM32F7xx_HAL_Driver/Src/stm32f7xx_hal.o
 .debug_aranges
                0x00000000000004c0      0x118 ./Drivers/STM32F7xx_HAL_Driver/Src/stm32f7xx_hal_cortex.o
 .debug_aranges
                0x00000000000005d8       0x90 ./Drivers/STM32F7xx_HAL_Driver/Src/stm32f7xx_hal_dma.o
 .debug_aranges
                0x0000000000000668       0x58 ./Drivers/STM32F7xx_HAL_Driver/Src/stm32f7xx_hal_gpio.o
 .debug_aranges
                0x00000000000006c0      0x2a0 ./Drivers/STM32F7xx_HAL_Driver/Src/stm32f7xx_hal_i2c.o
 .debug_aranges
                0x0000000000000960       0x38 ./Drivers/STM32F7xx_HAL_Driver/Src/stm32f7xx_hal_i2c_ex.o
 .debug_aranges
                0x0000000000000998      0x108 ./Drivers/STM32F7xx_HAL_Driver/Src/stm32f7xx_hal_i2s.o
 .debug_aranges
                0x0000000000000aa0       0x80 ./Drivers/STM32F7xx_HAL_Driver/Src/stm32f7xx_hal_pwr_ex.o
 .debug_aranges
                0x0000000000000b20       0x88 ./Drivers/STM32F7xx_HAL_Driver/Src/stm32f7xx_hal_rcc.o
 .debug_aranges
                0x0000000000000ba8       0x50 ./Drivers/STM32F7xx_HAL_Driver/Src/stm32f7xx_hal_rcc_ex.o

.debug_rnglists
                0x0000000000000000      0x8db
 .debug_rnglists
                0x0000000000000000       0x20 ./Core/Inc/Codec/CodecDriver.o
 .debug_rnglists
                0x0000000000000020       0x32 ./Core/Inc/DSP/DSP.o
 .debug_rnglists
                0x0000000000000052       0x19 ./Core/Inc/Filters/AllPass.o
 .debug_rnglists
                0x000000000000006b       0x19 ./Core/Inc/Filters/CombFeedback.o
 .debug_rnglists
                0x0000000000000084       0x19 ./Core/Inc/Filters/CombFeedforward.o
 .debug_rnglists
                0x000000000000009d       0x1a ./Core/Inc/Filters/Filters.o
 .debug_rnglists
                0x00000000000000b7       0x1b ./Core/Inc/Filters/Flanger.o
 .debug_rnglists
                0x00000000000000d2       0x1b ./Core/Inc/Filters/Reverb.o
 .debug_rnglists
                0x00000000000000ed       0x1f ./Core/Inc/Filters/FilterUtility/CircularBuffer.o
 .debug_rnglists
                0x000000000000010c       0x32 ./Core/Inc/IO/IO.o
 .debug_rnglists
                0x000000000000013e       0x1a ./Core/Inc/IO/RotaryEncoder.o
 .debug_rnglists
                0x0000000000000158       0x1a ./Core/Inc/IO/ShiftRegister.o
 .debug_rnglists
                0x0000000000000172       0x4c ./Core/Src/main.o
 .debug_rnglists
                0x00000000000001be       0x2e ./Core/Src/stm32f7xx_hal_msp.o
 .debug_rnglists
                0x00000000000001ec       0x55 ./Core/Src/stm32f7xx_it.o
 .debug_rnglists
                0x0000000000000241       0x13 ./Core/Src/sysmem.o
 .debug_rnglists
                0x0000000000000254       0x1a ./Core/Src/system_stm32f7xx.o
 .debug_rnglists
                0x000000000000026e       0x19 ./Core/Startup/startup_stm32f722rctx.o
 .debug_rnglists
                0x0000000000000287       0xbb ./Drivers/STM32F7xx_HAL_Driver/Src/stm32f7xx_hal.o
 .debug_rnglists
                0x0000000000000342       0xce ./Drivers/STM32F7xx_HAL_Driver/Src/stm32f7xx_hal_cortex.o
 .debug_rnglists
                0x0000000000000410       0x70 ./Drivers/STM32F7xx_HAL_Driver/Src/stm32f7xx_hal_dma.o
 .debug_rnglists
                0x0000000000000480       0x3f ./Drivers/STM32F7xx_HAL_Driver/Src/stm32f7xx_hal_gpio.o
 .debug_rnglists
                0x00000000000004bf      0x227 ./Drivers/STM32F7xx_HAL_Driver/Src/stm32f7xx_hal_i2c.o
 .debug_rnglists
                0x00000000000006e6       0x27 ./Drivers/STM32F7xx_HAL_Driver/Src/stm32f7xx_hal_i2c_ex.o
 .debug_rnglists
                0x000000000000070d       0xcc ./Drivers/STM32F7xx_HAL_Driver/Src/stm32f7xx_hal_i2s.o
 .debug_rnglists
                0x00000000000007d9       0x5f ./Drivers/STM32F7xx_HAL_Driver/Src/stm32f7xx_hal_pwr_ex.o
 .debug_rnglists
                0x0000000000000838       0x67 ./Drivers/STM32F7xx_HAL_Driver/Src/stm32f7xx_hal_rcc.o
 .debug_rnglists
                0x000000000000089f       0x3c ./Drivers/STM32F7xx_HAL_Driver/Src/stm32f7xx_hal_rcc_ex.o

.debug_macro    0x0000000000000000    0x23fc7
 .debug_macro   0x0000000000000000      0x294 ./Core/Inc/Codec/CodecDriver.o
 .debug_macro   0x0000000000000294      0xaa8 ./Core/Inc/Codec/CodecDriver.o
 .debug_macro   0x0000000000000d3c       0x2a ./Core/Inc/Codec/CodecDriver.o
 .debug_macro   0x0000000000000d66       0x22 ./Core/Inc/Codec/CodecDriver.o
 .debug_macro   0x0000000000000d88       0x5b ./Core/Inc/Codec/CodecDriver.o
 .debug_macro   0x0000000000000de3       0x94 ./Core/Inc/Codec/CodecDriver.o
 .debug_macro   0x0000000000000e77       0x43 ./Core/Inc/Codec/CodecDriver.o
 .debug_macro   0x0000000000000eba       0x34 ./Core/Inc/Codec/CodecDriver.o
 .debug_macro   0x0000000000000eee       0x16 ./Core/Inc/Codec/CodecDriver.o
 .debug_macro   0x0000000000000f04      0x10e ./Core/Inc/Codec/CodecDriver.o
 .debug_macro   0x0000000000001012       0x8d ./Core/Inc/Codec/CodecDriver.o
 .debug_macro   0x000000000000109f       0x16 ./Core/Inc/Codec/CodecDriver.o
 .debug_macro   0x00000000000010b5       0x43 ./Core/Inc/Codec/CodecDriver.o
 .debug_macro   0x00000000000010f8       0x57 ./Core/Inc/Codec/CodecDriver.o
 .debug_macro   0x000000000000114f       0x34 ./Core/Inc/Codec/CodecDriver.o
 .debug_macro   0x0000000000001183       0x10 ./Core/Inc/Codec/CodecDriver.o
 .debug_macro   0x0000000000001193       0x58 ./Core/Inc/Codec/CodecDriver.o
 .debug_macro   0x00000000000011eb       0x8e ./Core/Inc/Codec/CodecDriver.o
 .debug_macro   0x0000000000001279       0x1c ./Core/Inc/Codec/CodecDriver.o
 .debug_macro   0x0000000000001295      0x177 ./Core/Inc/Codec/CodecDriver.o
 .debug_macro   0x000000000000140c      0x369 ./Core/Inc/Codec/CodecDriver.o
 .debug_macro   0x0000000000001775       0x16 ./Core/Inc/Codec/CodecDriver.o
 .debug_macro   0x000000000000178b       0x29 ./Core/Inc/Codec/CodecDriver.o
 .debug_macro   0x00000000000017b4      0x103 ./Core/Inc/Codec/CodecDriver.o
 .debug_macro   0x00000000000018b7       0x6a ./Core/Inc/Codec/CodecDriver.o
 .debug_macro   0x0000000000001921      0x1df ./Core/Inc/Codec/CodecDriver.o
 .debug_macro   0x0000000000001b00      0x28d ./Core/Inc/Codec/CodecDriver.o
 .debug_macro   0x0000000000001d8d       0x2e ./Core/Inc/Codec/CodecDriver.o
 .debug_macro   0x0000000000001dbb       0x3b ./Core/Inc/Codec/CodecDriver.o
 .debug_macro   0x0000000000001df6       0x1c ./Core/Inc/Codec/CodecDriver.o
 .debug_macro   0x0000000000001e12       0x22 ./Core/Inc/Codec/CodecDriver.o
 .debug_macro   0x0000000000001e34       0xd9 ./Core/Inc/Codec/CodecDriver.o
 .debug_macro   0x0000000000001f0d     0x12cd ./Core/Inc/Codec/CodecDriver.o
 .debug_macro   0x00000000000031da      0x11f ./Core/Inc/Codec/CodecDriver.o
 .debug_macro   0x00000000000032f9       0x19 ./Core/Inc/Codec/CodecDriver.o
 .debug_macro   0x0000000000003312    0x15c67 ./Core/Inc/Codec/CodecDriver.o
 .debug_macro   0x0000000000018f79       0x6d ./Core/Inc/Codec/CodecDriver.o
 .debug_macro   0x0000000000018fe6     0x3749 ./Core/Inc/Codec/CodecDriver.o
 .debug_macro   0x000000000001c72f       0x5d ./Core/Inc/Codec/CodecDriver.o
 .debug_macro   0x000000000001c78c     0x1588 ./Core/Inc/Codec/CodecDriver.o
 .debug_macro   0x000000000001dd14      0x6c4 ./Core/Inc/Codec/CodecDriver.o
 .debug_macro   0x000000000001e3d8      0x17e ./Core/Inc/Codec/CodecDriver.o
 .debug_macro   0x000000000001e556      0x115 ./Core/Inc/Codec/CodecDriver.o
 .debug_macro   0x000000000001e66b      0x1d8 ./Core/Inc/Codec/CodecDriver.o
 .debug_macro   0x000000000001e843       0xa5 ./Core/Inc/Codec/CodecDriver.o
 .debug_macro   0x000000000001e8e8      0x24f ./Core/Inc/Codec/CodecDriver.o
 .debug_macro   0x000000000001eb37       0x71 ./Core/Inc/Codec/CodecDriver.o
 .debug_macro   0x000000000001eba8       0x58 ./Core/Inc/Codec/CodecDriver.o
 .debug_macro   0x000000000001ec00      0x236 ./Core/Inc/Codec/CodecDriver.o
 .debug_macro   0x000000000001ee36      0x154 ./Core/Inc/Codec/CodecDriver.o
 .debug_macro   0x000000000001ef8a      0x2c3 ./Core/Inc/Codec/CodecDriver.o
 .debug_macro   0x000000000001f24d       0x12 ./Core/Inc/Codec/CodecDriver.o
 .debug_macro   0x000000000001f25f      0x22c ./Core/Inc/Codec/CodecDriver.o
 .debug_macro   0x000000000001f48b       0x61 ./Core/Inc/Codec/CodecDriver.o
 .debug_macro   0x000000000001f4ec       0xa5 ./Core/Inc/Codec/CodecDriver.o
 .debug_macro   0x000000000001f591      0x1d8 ./Core/Inc/Codec/CodecDriver.o
 .debug_macro   0x000000000001f769      0x12e ./Core/Inc/Codec/CodecDriver.o
 .debug_macro   0x000000000001f897      0x108 ./Core/Inc/Codec/CodecDriver.o
 .debug_macro   0x000000000001f99f       0x35 ./Core/Inc/Codec/CodecDriver.o
 .debug_macro   0x000000000001f9d4      0x14d ./Core/Inc/Codec/CodecDriver.o
 .debug_macro   0x000000000001fb21      0x413 ./Core/Inc/DSP/DSP.o
 .debug_macro   0x000000000001ff34       0x10 ./Core/Inc/DSP/DSP.o
 .debug_macro   0x000000000001ff44       0x20 ./Core/Inc/DSP/DSP.o
 .debug_macro   0x000000000001ff64       0x1c ./Core/Inc/DSP/DSP.o
 .debug_macro   0x000000000001ff80       0x10 ./Core/Inc/DSP/DSP.o
 .debug_macro   0x000000000001ff90       0x1c ./Core/Inc/DSP/DSP.o
 .debug_macro   0x000000000001ffac       0x16 ./Core/Inc/DSP/DSP.o
 .debug_macro   0x000000000001ffc2      0x147 ./Core/Inc/DSP/DSP.o
 .debug_macro   0x0000000000020109       0x10 ./Core/Inc/DSP/DSP.o
 .debug_macro   0x0000000000020119       0xe2 ./Core/Inc/DSP/DSP.o
 .debug_macro   0x00000000000201fb      0x1ab ./Core/Inc/Filters/AllPass.o
 .debug_macro   0x00000000000203a6      0x189 ./Core/Inc/Filters/CombFeedback.o
 .debug_macro   0x000000000002052f      0x19c ./Core/Inc/Filters/CombFeedforward.o
 .debug_macro   0x00000000000206cb      0x230 ./Core/Inc/Filters/Filters.o
 .debug_macro   0x00000000000208fb       0x8e ./Core/Inc/Filters/Filters.o
 .debug_macro   0x0000000000020989       0x51 ./Core/Inc/Filters/Filters.o
 .debug_macro   0x00000000000209da       0x61 ./Core/Inc/Filters/Filters.o
 .debug_macro   0x0000000000020a3b      0x1ba ./Core/Inc/Filters/Flanger.o
 .debug_macro   0x0000000000020bf5      0x1c7 ./Core/Inc/Filters/Reverb.o
 .debug_macro   0x0000000000020dbc      0x147 ./Core/Inc/Filters/FilterUtility/CircularBuffer.o
 .debug_macro   0x0000000000020f03      0x411 ./Core/Inc/IO/IO.o
 .debug_macro   0x0000000000021314       0x16 ./Core/Inc/IO/IO.o
 .debug_macro   0x000000000002132a      0x411 ./Core/Inc/IO/RotaryEncoder.o
 .debug_macro   0x000000000002173b      0x411 ./Core/Inc/IO/ShiftRegister.o
 .debug_macro   0x0000000000021b4c       0x63 ./Core/Inc/IO/ShiftRegister.o
 .debug_macro   0x0000000000021baf      0x40d ./Core/Src/main.o
 .debug_macro   0x0000000000021fbc      0x40d ./Core/Src/stm32f7xx_hal_msp.o
 .debug_macro   0x00000000000223c9      0x417 ./Core/Src/stm32f7xx_it.o
 .debug_macro   0x00000000000227e0       0xff ./Core/Src/sysmem.o
 .debug_macro   0x00000000000228df      0x23c ./Core/Src/sysmem.o
 .debug_macro   0x0000000000022b1b      0x1c4 ./Core/Src/system_stm32f7xx.o
 .debug_macro   0x0000000000022cdf      0x1e8 ./Drivers/STM32F7xx_HAL_Driver/Src/stm32f7xx_hal.o
 .debug_macro   0x0000000000022ec7      0x1c4 ./Drivers/STM32F7xx_HAL_Driver/Src/stm32f7xx_hal_cortex.o
 .debug_macro   0x000000000002308b      0x1ca ./Drivers/STM32F7xx_HAL_Driver/Src/stm32f7xx_hal_dma.o
 .debug_macro   0x0000000000023255      0x1ca ./Drivers/STM32F7xx_HAL_Driver/Src/stm32f7xx_hal_gpio.o
 .debug_macro   0x000000000002341f      0x290 ./Drivers/STM32F7xx_HAL_Driver/Src/stm32f7xx_hal_i2c.o
 .debug_macro   0x00000000000236af      0x1c4 ./Drivers/STM32F7xx_HAL_Driver/Src/stm32f7xx_hal_i2c_ex.o
 .debug_macro   0x0000000000023873      0x1cc ./Drivers/STM32F7xx_HAL_Driver/Src/stm32f7xx_hal_i2s.o
 .debug_macro   0x0000000000023a3f      0x1dc ./Drivers/STM32F7xx_HAL_Driver/Src/stm32f7xx_hal_pwr_ex.o
 .debug_macro   0x0000000000023c1b      0x1e8 ./Drivers/STM32F7xx_HAL_Driver/Src/stm32f7xx_hal_rcc.o
 .debug_macro   0x0000000000023e03      0x1c4 ./Drivers/STM32F7xx_HAL_Driver/Src/stm32f7xx_hal_rcc_ex.o

.debug_line     0x0000000000000000    0x14015
 .debug_line    0x0000000000000000      0x8df ./Core/Inc/Codec/CodecDriver.o
 .debug_line    0x00000000000008df      0xba2 ./Core/Inc/DSP/DSP.o
 .debug_line    0x0000000000001481      0x67a ./Core/Inc/Filters/AllPass.o
 .debug_line    0x0000000000001afb      0x676 ./Core/Inc/Filters/CombFeedback.o
 .debug_line    0x0000000000002171      0x676 ./Core/Inc/Filters/CombFeedforward.o
 .debug_line    0x00000000000027e7      0x70b ./Core/Inc/Filters/Filters.o