../Core/Src/main.c:83:6:processBuffer	32	static
../Core/Src/main.c:91:6:HAL_ADC_ConvHalfCpltCallback	16	static
../Core/Src/main.c:104:6:HAL_ADC_ConvCpltCallback	16	static
../Core/Src/main.c:121:5:main	16	static,ignoring_inline_asm
../Core/Src/main.c:210:6:SystemClock_Config	88	static
../Core/Src/main.c:257:13:MX_ADC1_Init	56	static
../Core/Src/main.c:325:13:MX_DAC1_Init	56	static
../Core/Src/main.c:372:13:MX_LPUART1_UART_Init	8	static
../Core/Src/main.c:419:13:MX_TIM6_Init	24	static
../Core/Src/main.c:455:13:MX_DMA_Init	16	static
../Core/Src/main.c:480:13:MX_GPIO_Init	48	static
../Core/Src/main.c:531:6:Error_Handler	4	static,ignoring_inline_asm
